Component: ARM Compiler 6.15 Tool: armlink [5dd79300]

==============================================================================

Memory Map of the image

  Image Entry point : 0x080001c9

  Load Region LR_IROM1 (Base: 0x08000000, Size: 0x0000f604, Max: 0x00100000, ABSOLUTE, COMPRESSED[0x0000f528])

    Execution Region ER_IROM1 (Base: 0x08000000, Size: 0x0000f4cc, Max: 0x00100000, ABSOLUTE)

    Base Addr    Size         Type   Attr      Idx    E Section Name        Object

    0x08000000   0x000001c8   Data   RO        24939    RESET               BUILD/DISCO_F746NG/ARMC6/mbed-os/targets/TARGET_STM/TARGET_STM32F7/TARGET_STM32F746xG/device/TOOLCHAIN_ARM_STD/startup_stm32f746xg.o
    0x080001c8   0x00000008   Code   RO        29251  * !!!main             c:\ProgramData\Mbed Studio\mbed-studio-tools\ac6\bin\..\lib\armlib\c_w.l(__main.o)
    0x080001d0   0x00000034   Code   RO        29849    !!!scatter          c:\ProgramData\Mbed Studio\mbed-studio-tools\ac6\bin\..\lib\armlib\c_w.l(__scatter.o)
    0x08000204   0x0000003a   Code   RO        29847    !!dczerorl          c:\ProgramData\Mbed Studio\mbed-studio-tools\ac6\bin\..\lib\armlib\c_w.l(__dczerorl.o)
    0x0800023e   0x00000002   PAD
    0x08000240   0x0000001c   Code   RO        29851    !!handler_zi        c:\ProgramData\Mbed Studio\mbed-studio-tools\ac6\bin\..\lib\armlib\c_w.l(__scatter_zi.o)
    0x0800025c   0x00000000   Code   RO        29123    .ARM.Collect$$_printf_percent$$00000000  c:\ProgramData\Mbed Studio\mbed-studio-tools\ac6\bin\..\lib\armlib\c_w.l(_printf_percent.o)
    0x0800025c   0x00000006   Code   RO        29115    .ARM.Collect$$_printf_percent$$00000001  c:\ProgramData\Mbed Studio\mbed-studio-tools\ac6\bin\..\lib\armlib\c_w.l(_printf_n.o)
    0x08000262   0x00000006   Code   RO        29117    .ARM.Collect$$_printf_percent$$00000002  c:\ProgramData\Mbed Studio\mbed-studio-tools\ac6\bin\..\lib\armlib\c_w.l(_printf_p.o)
    0x08000268   0x00000006   Code   RO        29122    .ARM.Collect$$_printf_percent$$00000003  c:\ProgramData\Mbed Studio\mbed-studio-tools\ac6\bin\..\lib\armlib\c_w.l(_printf_f.o)
    0x0800026e   0x00000006   Code   RO        29421    .ARM.Collect$$_printf_percent$$00000004  c:\ProgramData\Mbed Studio\mbed-studio-tools\ac6\bin\..\lib\armlib\c_w.l(_printf_e.o)
    0x08000274   0x00000006   Code   RO        29422    .ARM.Collect$$_printf_percent$$00000005  c:\ProgramData\Mbed Studio\mbed-studio-tools\ac6\bin\..\lib\armlib\c_w.l(_printf_g.o)
    0x0800027a   0x00000006   Code   RO        29423    .ARM.Collect$$_printf_percent$$00000006  c:\ProgramData\Mbed Studio\mbed-studio-tools\ac6\bin\..\lib\armlib\c_w.l(_printf_a.o)
    0x08000280   0x0000000a   Code   RO        29428    .ARM.Collect$$_printf_percent$$00000007  c:\ProgramData\Mbed Studio\mbed-studio-tools\ac6\bin\..\lib\armlib\c_w.l(_printf_ll.o)
    0x0800028a   0x00000006   Code   RO        29119    .ARM.Collect$$_printf_percent$$00000008  c:\ProgramData\Mbed Studio\mbed-studio-tools\ac6\bin\..\lib\armlib\c_w.l(_printf_i.o)
    0x08000290   0x00000006   Code   RO        29120    .ARM.Collect$$_printf_percent$$00000009  c:\ProgramData\Mbed Studio\mbed-studio-tools\ac6\bin\..\lib\armlib\c_w.l(_printf_d.o)
    0x08000296   0x00000006   Code   RO        29121    .ARM.Collect$$_printf_percent$$0000000A  c:\ProgramData\Mbed Studio\mbed-studio-tools\ac6\bin\..\lib\armlib\c_w.l(_printf_u.o)
    0x0800029c   0x00000006   Code   RO        29118    .ARM.Collect$$_printf_percent$$0000000B  c:\ProgramData\Mbed Studio\mbed-studio-tools\ac6\bin\..\lib\armlib\c_w.l(_printf_o.o)
    0x080002a2   0x00000006   Code   RO        29116    .ARM.Collect$$_printf_percent$$0000000C  c:\ProgramData\Mbed Studio\mbed-studio-tools\ac6\bin\..\lib\armlib\c_w.l(_printf_x.o)
    0x080002a8   0x00000006   Code   RO        29425    .ARM.Collect$$_printf_percent$$0000000D  c:\ProgramData\Mbed Studio\mbed-studio-tools\ac6\bin\..\lib\armlib\c_w.l(_printf_lli.o)
    0x080002ae   0x00000006   Code   RO        29426    .ARM.Collect$$_printf_percent$$0000000E  c:\ProgramData\Mbed Studio\mbed-studio-tools\ac6\bin\..\lib\armlib\c_w.l(_printf_lld.o)
    0x080002b4   0x00000006   Code   RO        29427    .ARM.Collect$$_printf_percent$$0000000F  c:\ProgramData\Mbed Studio\mbed-studio-tools\ac6\bin\..\lib\armlib\c_w.l(_printf_llu.o)
    0x080002ba   0x00000006   Code   RO        29431    .ARM.Collect$$_printf_percent$$00000010  c:\ProgramData\Mbed Studio\mbed-studio-tools\ac6\bin\..\lib\armlib\c_w.l(_printf_llo.o)
    0x080002c0   0x00000006   Code   RO        29432    .ARM.Collect$$_printf_percent$$00000011  c:\ProgramData\Mbed Studio\mbed-studio-tools\ac6\bin\..\lib\armlib\c_w.l(_printf_llx.o)
    0x080002c6   0x0000000a   Code   RO        29429    .ARM.Collect$$_printf_percent$$00000012  c:\ProgramData\Mbed Studio\mbed-studio-tools\ac6\bin\..\lib\armlib\c_w.l(_printf_l.o)
[...]
    0x080067b8   0x00000072   Code   RO        24716    .text.ThreadFlagsCheck  BUILD/DISCO_F746NG/ARMC6/mbed-os/rtos/source/TARGET_CORTEX/rtx5/RTX/Source/rtx_thread.o
    0x0800682a   0x00000002   PAD
    0x0800682c   0x00000058   Code   RO        24776    .text.TimerInsert   BUILD/DISCO_F746NG/ARMC6/mbed-os/rtos/source/TARGET_CORTEX/rtx5/RTX/Source/rtx_timer.o
    0x08006884   0x000000c6   Code   RO        27553    .text.UART_AdvFeatureConfig  BUILD/DISCO_F746NG/ARMC6/mbed-os/targets/TARGET_STM/TARGET_STM32F7/device/stm32f7xx_hal_uart.o
    0x0800694a   0x00000040   Code   RO        27555    .text.UART_CheckIdleState  BUILD/DISCO_F746NG/ARMC6/mbed-os/targets/TARGET_STM/TARGET_STM32F7/device/stm32f7xx_hal_uart.o
    0x0800698a   0x00000002   PAD
    0x0800698c   0x00000206   Code   RO        27551    .text.UART_SetConfig  BUILD/DISCO_F746NG/ARMC6/mbed-os/targets/TARGET_STM/TARGET_STM32F7/device/stm32f7xx_hal_uart.o
    0x08006b92   0x00000002   PAD
    0x08006b94   0x0000007c   Code   RO        27569    .text.UART_WaitOnFlagUntilTimeout  BUILD/DISCO_F746NG/ARMC6/mbed-os/targets/TARGET_STM/TARGET_STM32F7/device/stm32f7xx_hal_uart.o
    0x08006c10   0x0000001e   Code   RO         1102    .text._GLOBAL__sub_I_QSPIFBlockDevice.cpp  BUILD/DISCO_F746NG/ARMC6/mbed-os/components/storage/blockdevice/COMPONENT_QSPIF/QSPIFBlockDevice.o
    0x08006c2e   0x00000004   Code   RO        20568    .text._Z20mbed_otp_mac_addressPc  BUILD/DISCO_F746NG/ARMC6/mbed-os/features/netsocket/emac-drivers/TARGET_STM/stm32xx_emac.o
    0x08006c32   0x00000002   PAD
    0x08006c34   0x0000004c   Code   RO        24263    .text._ZL17default_idle_hookv  BUILD/DISCO_F746NG/ARMC6/mbed-os/rtos/source/TARGET_CORTEX/mbed_rtx_idle.o
    0x08006c80   0x00000052   Code   RO        23798    .text._ZL18reserve_filehandlev  BUILD/DISCO_F746NG/ARMC6/mbed-os/platform/source/mbed_retarget.o
    0x08006cd2   0x00000012   Code   RO        24267    .text._ZL18rtos_event_pendingPv  BUILD/DISCO_F746NG/ARMC6/mbed-os/rtos/source/TARGET_CORTEX/mbed_rtx_idle.o
    0x08006ce4   0x00000004   Code   RO        20596    .text._ZN10STM32_EMAC10power_downEv  BUILD/DISCO_F746NG/ARMC6/mbed-os/features/netsocket/emac-drivers/TARGET_STM/stm32xx_emac.o
    0x08006ce8   0x00000002   Code   RO        20584    .text._ZN10STM32_EMAC10set_hwaddrEPKh  BUILD/DISCO_F746NG/ARMC6/mbed-os/features/netsocket/emac-drivers/TARGET_STM/stm32xx_emac.o
    0x08006cea   0x00000084   Code   RO        20544    .text._ZN10STM32_EMAC12get_instanceEv  BUILD/DISCO_F746NG/ARMC6/mbed-os/features/netsocket/emac-drivers/TARGET_STM/stm32xx_emac.o
    0x08006d6e   0x00000002   PAD
    0x08006d70   0x00000100   Code   RO        20556    .text._ZN10STM32_EMAC15low_level_inputEPPv  BUILD/DISCO_F746NG/ARMC6/mbed-os/features/netsocket/emac-drivers/TARGET_STM/stm32xx_emac.o
    0x08006e70   0x00000056   Code   RO        20560    .text._ZN10STM32_EMAC15thread_functionEPv  BUILD/DISCO_F746NG/ARMC6/mbed-os/features/netsocket/emac-drivers/TARGET_STM/stm32xx_emac.o
    0x08006ec6   0x00000002   Code   RO        20594    .text._ZN10STM32_EMAC17set_all_multicastEb  BUILD/DISCO_F746NG/ARMC6/mbed-os/features/netsocket/emac-drivers/TARGET_STM/stm32xx_emac.o
    0x08006ec8   0x00000006   Code   RO        20586    .text._ZN10STM32_EMAC17set_link_input_cbEN4mbed8CallbackIFvPvEEE  BUILD/DISCO_F746NG/ARMC6/mbed-os/features/netsocket/emac-drivers/TARGET_STM/stm32xx_emac.o
    0x08006ece   0x00000006   Code   RO        20588    .text._ZN10STM32_EMAC17set_link_state_cbEN4mbed8CallbackIFvbEEE  BUILD/DISCO_F746NG/ARMC6/mbed-os/features/netsocket/emac-drivers/TARGET_STM/stm32xx_emac.o
    0x08006ed4   0x00000006   Code   RO        20598    .text._ZN10STM32_EMAC18set_memory_managerER17EMACMemoryManager  BUILD/DISCO_F746NG/ARMC6/mbed-os/features/netsocket/emac-drivers/TARGET_STM/stm32xx_emac.o
    0x08006eda   0x00000002   Code   RO        20590    .text._ZN10STM32_EMAC19add_multicast_groupEPKh  BUILD/DISCO_F746NG/ARMC6/mbed-os/features/netsocket/emac-drivers/TARGET_STM/stm32xx_emac.o
    0x08006edc   0x00000002   Code   RO        20592    .text._ZN10STM32_EMAC22remove_multicast_groupEPKh  BUILD/DISCO_F746NG/ARMC6/mbed-os/features/netsocket/emac-drivers/TARGET_STM/stm32xx_emac.o
    0x08006ede   0x00000084   Code   RO        20550    .text._ZN10STM32_EMAC25low_level_init_successfulEv  BUILD/DISCO_F746NG/ARMC6/mbed-os/features/netsocket/emac-drivers/TARGET_STM/stm32xx_emac.o
    0x08006f62   0x00000002   PAD
    0x08006f64   0x00000130   Code   RO        20554    .text._ZN10STM32_EMAC8link_outEPv  BUILD/DISCO_F746NG/ARMC6/mbed-os/features/netsocket/emac-drivers/TARGET_STM/stm32xx_emac.o
    0x08007094   0x00000046   Code   RO        20562    .text._ZN10STM32_EMAC8phy_taskEv  BUILD/DISCO_F746NG/ARMC6/mbed-os/features/netsocket/emac-drivers/TARGET_STM/stm32xx_emac.o
    0x080070da   0x00000002   PAD
    0x080070dc   0x000000b4   Code   RO        20572    .text._ZN10STM32_EMAC8power_upEv  BUILD/DISCO_F746NG/ARMC6/mbed-os/features/netsocket/emac-drivers/TARGET_STM/stm32xx_emac.o
    0x08007190   0x0000007e   Code   RO        20558    .text._ZN10STM32_EMAC9packet_rxEv  BUILD/DISCO_F746NG/ARMC6/mbed-os/features/netsocket/emac-drivers/TARGET_STM/stm32xx_emac.o
    0x0800720e   0x00000042   Code   RO        20617    .text._ZN10STM32_EMACD2Ev  BUILD/DISCO_F746NG/ARMC6/mbed-os/features/netsocket/emac-drivers/TARGET_STM/stm32xx_emac.o
    0x08007250   0x0000001c   Code   RO        23782    .text._ZN12DirectSerial4readEPvj  BUILD/DISCO_F746NG/ARMC6/mbed-os/platform/source/mbed_retarget.o
    0x0800726c   0x00000006   Code   RO        23955    .text._ZN12DirectSerial4seekEli  BUILD/DISCO_F746NG/ARMC6/mbed-os/platform/source/mbed_retarget.o
    0x08007272   0x00000006   Code   RO        23961    .text._ZN12DirectSerial4sizeEv  BUILD/DISCO_F746NG/ARMC6/mbed-os/platform/source/mbed_retarget.o
    0x08007278   0x00000004   Code   RO        23957    .text._ZN12DirectSerial5closeEv  BUILD/DISCO_F746NG/ARMC6/mbed-os/platform/source/mbed_retarget.o
    0x0800727c   0x00000028   Code   RO        23780    .text._ZN12DirectSerial5writeEPKvj  BUILD/DISCO_F746NG/ARMC6/mbed-os/platform/source/mbed_retarget.o
    0x080072a4   0x00000004   Code   RO        23959    .text._ZN12DirectSerial6isattyEv  BUILD/DISCO_F746NG/ARMC6/mbed-os/platform/source/mbed_retarget.o
    0x080072a8   0x0000003c   Code   RO        23778    .text._ZN12DirectSerialC2E7PinNameS0_i  BUILD/DISCO_F746NG/ARMC6/mbed-os/platform/source/mbed_retarget.o
    0x080072e4   0x00000004   Code   RO        23953    .text._ZN12DirectSerialD0Ev  BUILD/DISCO_F746NG/ARMC6/mbed-os/platform/source/mbed_retarget.o
    0x080072e8   0x00000006   Code   RO         2039    .text._ZN4mbed10FileHandle12enable_inputEb  BUILD/DISCO_F746NG/ARMC6/mbed-os/drivers/source/Serial.o
    0x080072ee   0x0000000c   Code   RO         2035    .text._ZN4mbed10FileHandle12set_blockingEb  BUILD/DISCO_F746NG/ARMC6/mbed-os/drivers/source/Serial.o
    0x080072fa   0x00000006   Code   RO         2041    .text._ZN4mbed10FileHandle13enable_outputEb  BUILD/DISCO_F746NG/ARMC6/mbed-os/drivers/source/Serial.o
    0x08007300   0x00000006   Code   RO         2033    .text._ZN4mbed10FileHandle4flenEv  BUILD/DISCO_F746NG/ARMC6/mbed-os/drivers/source/Serial.o
    0x08007306   0x00000004   Code   RO        23252    .text._ZN4mbed10FileHandle4syncEv  BUILD/DISCO_F746NG/ARMC6/mbed-os/platform/source/FileHandle.o
    0x0800730a   0x0000000a   Code   RO         2289    .text._ZN4mbed10FileHandle4tellEv  BUILD/DISCO_F746NG/ARMC6/mbed-os/drivers/source/UARTSerial.o
    0x08007314   0x00000006   Code   RO         2031    .text._ZN4mbed10FileHandle5fsyncEv  BUILD/DISCO_F746NG/ARMC6/mbed-os/drivers/source/Serial.o
    0x0800731a   0x00000006   Code   RO         2029    .text._ZN4mbed10FileHandle5lseekEli  BUILD/DISCO_F746NG/ARMC6/mbed-os/drivers/source/Serial.o
    0x08007320   0x00000002   Code   RO         2045    .text._ZN4mbed10FileHandle5sigioENS_8CallbackIFvvEEE  BUILD/DISCO_F746NG/ARMC6/mbed-os/drivers/source/Serial.o
    0x08007322   0x0000000a   Code   RO         2291    .text._ZN4mbed10FileHandle6rewindEv  BUILD/DISCO_F746NG/ARMC6/mbed-os/drivers/source/UARTSerial.o
    0x0800732c   0x00000006   Code   RO         2027    .text._ZN4mbed10FileHandle8truncateEl  BUILD/DISCO_F746NG/ARMC6/mbed-os/drivers/source/Serial.o
    0x08007332   0x00000002   Code   RO        23248    .text._ZN4mbed10FileHandleD2Ev  BUILD/DISCO_F746NG/ARMC6/mbed-os/platform/source/FileHandle.o
    0x08007334   0x00000018   Code   RO         2186    .text._ZN4mbed10TimerEvent15insert_absoluteEy  BUILD/DISCO_F746NG/ARMC6/mbed-os/drivers/source/TimerEvent.o
    0x0800734c   0x00000006   Code   RO         2174    .text._ZN4mbed10TimerEvent3irqEj  BUILD/DISCO_F746NG/ARMC6/mbed-os/drivers/source/TimerEvent.o
    0x08007352   0x0000000c   Code   RO         2180    .text._ZN4mbed10TimerEvent6removeEv  BUILD/DISCO_F746NG/ARMC6/mbed-os/drivers/source/TimerEvent.o
    0x0800735e   0x0000002e   Code   RO         2176    .text._ZN4mbed10TimerEventC2EPK13ticker_data_t  BUILD/DISCO_F746NG/ARMC6/mbed-os/drivers/source/TimerEvent.o
    0x0800738c   0x00000002   Code   RO         2182    .text._ZN4mbed10TimerEventD0Ev  BUILD/DISCO_F746NG/ARMC6/mbed-os/drivers/source/TimerEvent.o
    0x0800738e   0x0000001e   Code   RO         2178    .text._ZN4mbed10TimerEventD2Ev  BUILD/DISCO_F746NG/ARMC6/mbed-os/drivers/source/TimerEvent.o
    0x080073ac   0x0000001c   Code   RO         3464    .text._ZN4mbed16mbed_event_queueEv  BUILD/DISCO_F746NG/ARMC6/mbed-os/events/source/mbed_shared_queues.o
    0x080073c8   0x0000008a   Code   RO        23794    .text._ZN4mbed16mbed_file_handleEi  BUILD/DISCO_F746NG/ARMC6/mbed-os/platform/source/mbed_retarget.o
    0x08007452   0x0000000c   Code   RO        23198    .text._ZN4mbed19CriticalSectionLockC2Ev  BUILD/DISCO_F746NG/ARMC6/mbed-os/platform/source/CriticalSectionLock.o
    0x0800745e   0x0000000c   Code   RO        23200    .text._ZN4mbed19CriticalSectionLockD2Ev  BUILD/DISCO_F746NG/ARMC6/mbed-os/platform/source/CriticalSectionLock.o
    0x0800746a   0x00000004   Code   RO        23792    .text._ZN4mbed21mbed_override_consoleEi  BUILD/DISCO_F746NG/ARMC6/mbed-os/platform/source/mbed_retarget.o
    0x0800746e   0x00000004   Code   RO        23790    .text._ZN4mbed28mbed_target_override_consoleEi  BUILD/DISCO_F746NG/ARMC6/mbed-os/platform/source/mbed_retarget.o
    0x08007472   0x00000140   Code   RO         3470    .text._ZN4mbed33do_shared_event_queue_with_threadIL12osPriority_t24ELj768ELj2048EEEPN6events10EventQueueEPKc  BUILD/DISCO_F746NG/ARMC6/mbed-os/events/source/mbed_shared_queues.o
    0x080075b2   0x00000032   Code   RO        20615    .text._ZN4mbed8CallbackIFvPvEEaSERKS3_  BUILD/DISCO_F746NG/ARMC6/mbed-os/features/netsocket/emac-drivers/TARGET_STM/stm32xx_emac.o
    0x080075e4   0x00000032   Code   RO        10963    .text._ZN4mbed8CallbackIFvbEEaSERKS2_  BUILD/DISCO_F746NG/ARMC6/mbed-os/features/nanostack/mbed-mesh-api/source/NanostackPPPInterface.o
    0x08007616   0x00000014   Code   RO        20619    .text._ZN4mbed8CallbackIFvvEE13function_callINS2_14method_contextI10STM32_EMACMS5_FvvEEEEEvPKv  BUILD/DISCO_F746NG/ARMC6/mbed-os/features/netsocket/emac-drivers/TARGET_STM/stm32xx_emac.o
    0x0800762a   0x00000014   Code   RO         2750    .text._ZN4mbed8CallbackIFvvEE13function_callINS2_14method_contextIN6events10EventQueueEMS6_FvvEEEEEvPKv  BUILD/DISCO_F746NG/ARMC6/mbed-os/drivers/source/usb/USBCDC_ECM.o
    0x0800763e   0x00000002   Code   RO        20623    .text._ZN4mbed8CallbackIFvvEE13function_dtorINS2_14method_contextI10STM32_EMACMS5_FvvEEEEEvPv  BUILD/DISCO_F746NG/ARMC6/mbed-os/features/netsocket/emac-drivers/TARGET_STM/stm32xx_emac.o
    0x08007640   0x00000002   Code   RO         2754    .text._ZN4mbed8CallbackIFvvEE13function_dtorINS2_14method_contextIN6events10EventQueueEMS6_FvvEEEEEvPv  BUILD/DISCO_F746NG/ARMC6/mbed-os/drivers/source/usb/USBCDC_ECM.o
    0x08007642   0x0000000e   Code   RO        20621    .text._ZN4mbed8CallbackIFvvEE13function_moveINS2_14method_contextI10STM32_EMACMS5_FvvEEEEEvPvPKv  BUILD/DISCO_F746NG/ARMC6/mbed-os/features/netsocket/emac-drivers/TARGET_STM/stm32xx_emac.o
    0x08007650   0x0000000e   Code   RO         2752    .text._ZN4mbed8CallbackIFvvEE13function_moveINS2_14method_contextIN6events10EventQueueEMS6_FvvEEEEEvPvPKv  BUILD/DISCO_F746NG/ARMC6/mbed-os/drivers/source/usb/USBCDC_ECM.o
    0x0800765e   0x00000032   Code   RO         1447    .text._ZN4mbed8CallbackIFvvEEaSERKS2_  BUILD/DISCO_F746NG/ARMC6/mbed-os/components/wifi/esp8266-driver/ESP8266/ESP8266.o
    0x08007690   0x00000004   Code   RO        23226    .text._ZN4mbed8FileBase11getPathTypeEv  BUILD/DISCO_F746NG/ARMC6/mbed-os/platform/source/FileBase.o
    0x08007694   0x000000a4   Code   RO        23232    .text._ZN4mbed8FileBase6lookupEPKcj  BUILD/DISCO_F746NG/ARMC6/mbed-os/platform/source/FileBase.o
    0x08007738   0x0000001e   Code   RO        23263    .text._ZN4mbed8FilePath10fileSystemEv  BUILD/DISCO_F746NG/ARMC6/mbed-os/platform/source/FilePath.o
    0x08007756   0x0000001c   Code   RO        23267    .text._ZN4mbed8FilePath4fileEv  BUILD/DISCO_F746NG/ARMC6/mbed-os/platform/source/FilePath.o
    0x08007772   0x0000000a   Code   RO        23269    .text._ZN4mbed8FilePath6existsEv  BUILD/DISCO_F746NG/ARMC6/mbed-os/platform/source/FilePath.o
    0x0800777c   0x00000016   Code   RO        23265    .text._ZN4mbed8FilePath6isFileEv  BUILD/DISCO_F746NG/ARMC6/mbed-os/platform/source/FilePath.o
    0x08007792   0x00000004   Code   RO        23259    .text._ZN4mbed8FilePath8fileNameEv  BUILD/DISCO_F746NG/ARMC6/mbed-os/platform/source/FilePath.o
    0x08007796   0x00000002   PAD
    0x08007798   0x0000007c   Code   RO        23257    .text._ZN4mbed8FilePathC2EPKc  BUILD/DISCO_F746NG/ARMC6/mbed-os/platform/source/FilePath.o
    0x08007814   0x00000026   Code   RO        23739    .text._ZN4mbed8internal13init_os_timerEv  BUILD/DISCO_F746NG/ARMC6/mbed-os/platform/source/mbed_os_timer.o
    0x0800783a   0x00000002   PAD
    0x0800783c   0x00000082   Code   RO        23748    .text._ZN4mbed8internal18do_sleep_operationINS0_18timed_predicate_opEEEvRT_  BUILD/DISCO_F746NG/ARMC6/mbed-os/platform/source/mbed_os_timer.o
    0x080078be   0x0000002a   Code   RO        23741    .text._ZN4mbed8internal23do_timed_sleep_absoluteEyPFbPvES1_  BUILD/DISCO_F746NG/ARMC6/mbed-os/platform/source/mbed_os_timer.o
    0x080078e8   0x0000003a   Code   RO        23743    .text._ZN4mbed8internal23do_timed_sleep_relativeEjPFbPvES1_  BUILD/DISCO_F746NG/ARMC6/mbed-os/platform/source/mbed_os_timer.o
    0x08007922   0x0000002e   Code   RO        23364    .text._ZN4mbed8internal8SysTimerILj1000ELb1EE10start_tickEv  BUILD/DISCO_F746NG/ARMC6/mbed-os/platform/source/SysTimer.o
    0x08007950   0x0000001e   Code   RO        23350    .text._ZN4mbed8internal8SysTimerILj1000ELb1EE11cancel_tickEv  BUILD/DISCO_F746NG/ARMC6/mbed-os/platform/source/SysTimer.o
    0x0800796e   0x00000044   Code   RO        23352    .text._ZN4mbed8internal8SysTimerILj1000ELb1EE11cancel_wakeEv  BUILD/DISCO_F746NG/ARMC6/mbed-os/platform/source/SysTimer.o
    0x080079b2   0x000000d8   Code   RO        23356    .text._ZN4mbed8internal8SysTimerILj1000ELb1EE13set_wake_timeEy  BUILD/DISCO_F746NG/ARMC6/mbed-os/platform/source/SysTimer.o
    0x08007a8a   0x00000006   Code   RO        23354    .text._ZN4mbed8internal8SysTimerILj1000ELb1EE14get_irq_numberEv  BUILD/DISCO_F746NG/ARMC6/mbed-os/platform/source/SysTimer.o
    0x08007a90   0x00000028   Code   RO        23370    .text._ZN4mbed8internal8SysTimerILj1000ELb1EE16acknowledge_tickEv  BUILD/DISCO_F746NG/ARMC6/mbed-os/platform/source/SysTimer.o
    0x08007ab8   0x0000005a   Code   RO        23358    .text._ZN4mbed8internal8SysTimerILj1000ELb1EE19update_and_get_tickEv  BUILD/DISCO_F746NG/ARMC6/mbed-os/platform/source/SysTimer.o
    0x08007b12   0x00000076   Code   RO        23386    .text._ZN4mbed8internal8SysTimerILj1000ELb1EE7handlerEv  BUILD/DISCO_F746NG/ARMC6/mbed-os/platform/source/SysTimer.o
    0x08007b88   0x0000002c   Code   RO        23344    .text._ZN4mbed8internal8SysTimerILj1000ELb1EEC2EPK13ticker_data_t  BUILD/DISCO_F746NG/ARMC6/mbed-os/platform/source/SysTimer.o
    0x08007bb4   0x0000000e   Code   RO        23348    .text._ZN4mbed8internal8SysTimerILj1000ELb1EED0Ev  BUILD/DISCO_F746NG/ARMC6/mbed-os/platform/source/SysTimer.o
    0x08007bc2   0x0000003a   Code   RO        23346    .text._ZN4mbed8internal8SysTimerILj1000ELb1EED2Ev  BUILD/DISCO_F746NG/ARMC6/mbed-os/platform/source/SysTimer.o
    0x08007bfc   0x00000058   Code   RO        24071    .text._ZN4rtos10EventFlags11constructorEPKc  BUILD/DISCO_F746NG/ARMC6/mbed-os/rtos/source/EventFlags.o
    0x08007c54   0x00000006   Code   RO        24075    .text._ZN4rtos10EventFlags3setEj  BUILD/DISCO_F746NG/ARMC6/mbed-os/rtos/source/EventFlags.o
    0x08007c5a   0x00000016   Code   RO        24085    .text._ZN4rtos10EventFlags8wait_anyEjjb  BUILD/DISCO_F746NG/ARMC6/mbed-os/rtos/source/EventFlags.o
    0x08007c70   0x0000000c   Code   RO        24073    .text._ZN4rtos10EventFlagsC2EPKc  BUILD/DISCO_F746NG/ARMC6/mbed-os/rtos/source/EventFlags.o
    0x08007c7c   0x0000000e   Code   RO        24087    .text._ZN4rtos10EventFlagsD2Ev  BUILD/DISCO_F746NG/ARMC6/mbed-os/rtos/source/EventFlags.o
    0x08007c8a   0x00000002   PAD
    0x08007c8c   0x000000a0   Code   RO        24103    .text._ZN4rtos5Mutex11constructorEPKc  BUILD/DISCO_F746NG/ARMC6/mbed-os/rtos/source/Mutex.o
    0x08007d2c   0x00000042   Code   RO        24107    .text._ZN4rtos5Mutex4lockEv  BUILD/DISCO_F746NG/ARMC6/mbed-os/rtos/source/Mutex.o
    0x08007d6e   0x00000002   PAD
    0x08007d70   0x0000004c   Code   RO        24117    .text._ZN4rtos5Mutex6unlockEv  BUILD/DISCO_F746NG/ARMC6/mbed-os/rtos/source/Mutex.o
    0x08007dbc   0x0000000e   Code   RO        24101    .text._ZN4rtos5MutexC2Ev  BUILD/DISCO_F746NG/ARMC6/mbed-os/rtos/source/Mutex.o
    0x08007dca   0x0000000e   Code   RO        24121    .text._ZN4rtos5MutexD2Ev  BUILD/DISCO_F746NG/ARMC6/mbed-os/rtos/source/Mutex.o
    0x08007dd8   0x00000034   Code   RO        24091    .text._ZN4rtos6Kernel12get_ms_countEv  BUILD/DISCO_F746NG/ARMC6/mbed-os/rtos/source/Kernel.o
    0x08007e0c   0x00000064   Code   RO        24847    .text._ZN4rtos6Thread11constructorE12osPriority_tjPhPKc  BUILD/DISCO_F746NG/ARMC6/mbed-os/rtos/source/Thread.o
    0x08007e70   0x000000b4   Code   RO        24851    .text._ZN4rtos6Thread5startEN4mbed8CallbackIFvvEEE  BUILD/DISCO_F746NG/ARMC6/mbed-os/rtos/source/Thread.o
    0x08007f24   0x00000060   Code   RO        24853    .text._ZN4rtos6Thread6_thunkEPv  BUILD/DISCO_F746NG/ARMC6/mbed-os/rtos/source/Thread.o
    0x08007f84   0x00000046   Code   RO        24855    .text._ZN4rtos6Thread9terminateEv  BUILD/DISCO_F746NG/ARMC6/mbed-os/rtos/source/Thread.o
    0x08007fca   0x00000052   Code   RO          666    .text._ZN4rtos6ThreadC2E12osPriority_tjPhPKc  BUILD/DISCO_F746NG/ARMC6/mbed-os/components/802.15.4_RF/atmel-rf-driver/source/NanostackRfPhyAtmel.o
    0x0800801c   0x0000000e   Code   RO        24899    .text._ZN4rtos6ThreadD0Ev  BUILD/DISCO_F746NG/ARMC6/mbed-os/rtos/source/Thread.o
    0x0800802a   0x00000046   Code   RO        24897    .text._ZN4rtos6ThreadD2Ev  BUILD/DISCO_F746NG/ARMC6/mbed-os/rtos/source/Thread.o
    0x08008070   0x0000006c   Code   RO        24138    .text._ZN4rtos9Semaphore11constructorEit  BUILD/DISCO_F746NG/ARMC6/mbed-os/rtos/source/Semaphore.o
    0x080080dc   0x00000006   Code   RO        24156    .text._ZN4rtos9Semaphore7releaseEv  BUILD/DISCO_F746NG/ARMC6/mbed-os/rtos/source/Semaphore.o
    0x080080e2   0x00000010   Code   RO        24136    .text._ZN4rtos9SemaphoreC2Ei  BUILD/DISCO_F746NG/ARMC6/mbed-os/rtos/source/Semaphore.o
    0x080080f2   0x0000000e   Code   RO        24158    .text._ZN4rtos9SemaphoreD2Ev  BUILD/DISCO_F746NG/ARMC6/mbed-os/rtos/source/Semaphore.o
    0x08008100   0x00000068   Code   RO        20613    .text._ZN6events10EventQueue10call_everyIN4mbed8CallbackIFvvEEEEEiiT_  BUILD/DISCO_F746NG/ARMC6/mbed-os/features/netsocket/emac-drivers/TARGET_STM/stm32xx_emac.o
    0x08008168   0x00000026   Code   RO         2756    .text._ZN6events10EventQueue13function_callIN4mbed8CallbackIFvvEEEEEvPv  BUILD/DISCO_F746NG/ARMC6/mbed-os/drivers/source/usb/USBCDC_ECM.o
    0x0800818e   0x0000000a   Code   RO         1323    .text._ZN6events10EventQueue13function_dtorIN4mbed8CallbackIFvvEEEEEvPv  BUILD/DISCO_F746NG/ARMC6/mbed-os/components/wifi/esp8266-driver/ESP8266Interface.o
    0x08008198   0x00000008   Code   RO         2744    .text._ZN6events10EventQueue16dispatch_foreverEv  BUILD/DISCO_F746NG/ARMC6/mbed-os/drivers/source/usb/USBCDC_ECM.o
    0x080081a0   0x00000004   Code   RO         3369    .text._ZN6events10EventQueue8dispatchEi  BUILD/DISCO_F746NG/ARMC6/mbed-os/events/source/EventQueue.o
    0x080081a4   0x0000002a   Code   RO         3365    .text._ZN6events10EventQueueC2EjPh  BUILD/DISCO_F746NG/ARMC6/mbed-os/events/source/EventQueue.o
    0x080081ce   0x00000018   Code   RO         3367    .text._ZN6events10EventQueueD2Ev  BUILD/DISCO_F746NG/ARMC6/mbed-os/events/source/EventQueue.o
    0x080081e6   0x0000000c   Code   RO        20582    .text._ZNK10STM32_EMAC10get_hwaddrEPh  BUILD/DISCO_F746NG/ARMC6/mbed-os/features/netsocket/emac-drivers/TARGET_STM/stm32xx_emac.o
    0x080081f2   0x00000002   PAD
    0x080081f4   0x00000014   Code   RO        20578    .text._ZNK10STM32_EMAC10get_ifnameEPch  BUILD/DISCO_F746NG/ARMC6/mbed-os/features/netsocket/emac-drivers/TARGET_STM/stm32xx_emac.o
    0x08008208   0x00000006   Code   RO        20574    .text._ZNK10STM32_EMAC12get_mtu_sizeEv  BUILD/DISCO_F746NG/ARMC6/mbed-os/features/netsocket/emac-drivers/TARGET_STM/stm32xx_emac.o
    0x0800820e   0x00000004   Code   RO        20580    .text._ZNK10STM32_EMAC15get_hwaddr_sizeEv  BUILD/DISCO_F746NG/ARMC6/mbed-os/features/netsocket/emac-drivers/TARGET_STM/stm32xx_emac.o
    0x08008212   0x00000004   Code   RO        20576    .text._ZNK10STM32_EMAC20get_align_preferenceEv  BUILD/DISCO_F746NG/ARMC6/mbed-os/features/netsocket/emac-drivers/TARGET_STM/stm32xx_emac.o
    0x08008216   0x0000003a   Code   RO        23784    .text._ZNK12DirectSerial4pollEs  BUILD/DISCO_F746NG/ARMC6/mbed-os/platform/source/mbed_retarget.o
    0x08008250   0x00000052   Code   RO         1978    .text._ZNK12SingletonPtrIN4rtos5MutexEE3getEv  BUILD/DISCO_F746NG/ARMC6/mbed-os/drivers/source/SPI.o
    0x080082a2   0x00000004   Code   RO         2037    .text._ZNK4mbed10FileHandle11is_blockingEv  BUILD/DISCO_F746NG/ARMC6/mbed-os/drivers/source/Serial.o
    0x080082a6   0x00000050   Code   RO        23380    .text._ZNK4mbed8internal8SysTimerILj1000ELb1EE14_elapsed_ticksEv  BUILD/DISCO_F746NG/ARMC6/mbed-os/platform/source/SysTimer.o
    0x080082f6   0x00000006   Code   RO        23378    .text._ZNK4mbed8internal8SysTimerILj1000ELb1EE8get_tickEv  BUILD/DISCO_F746NG/ARMC6/mbed-os/platform/source/SysTimer.o
    0x080082fc   0x00000006   Code   RO        23384    .text._ZNK4mbed8internal8SysTimerILj1000ELb1EE8get_timeEv  BUILD/DISCO_F746NG/ARMC6/mbed-os/platform/source/SysTimer.o
    0x08008302   0x00000082   Code   RO        24867    .text._ZNK4rtos6Thread9get_stateEv  BUILD/DISCO_F746NG/ARMC6/mbed-os/rtos/source/Thread.o
    0x08008384   0x00000004   Code   RO        23924    .text._ZdaPv        BUILD/DISCO_F746NG/ARMC6/mbed-os/platform/source/mbed_retarget.o
    0x08008388   0x00000004   Code   RO        23920    .text._ZdlPv        BUILD/DISCO_F746NG/ARMC6/mbed-os/platform/source/mbed_retarget.o
    0x0800838c   0x00000048   Code   RO        23914    .text._Znaj         BUILD/DISCO_F746NG/ARMC6/mbed-os/platform/source/mbed_retarget.o
    0x080083d4   0x00000004   Code   RO        23886    .text.__cxa_atexit  BUILD/DISCO_F746NG/ARMC6/mbed-os/platform/source/mbed_retarget.o
    0x080083d8   0x00000078   Code   RO        23906    .text.__cxa_guard_acquire  BUILD/DISCO_F746NG/ARMC6/mbed-os/platform/source/mbed_retarget.o
    0x08008450   0x00000042   Code   RO        23908    .text.__cxa_guard_release  BUILD/DISCO_F746NG/ARMC6/mbed-os/platform/source/mbed_retarget.o
    0x08008492   0x00000002   PAD
    0x08008494   0x00000028   Code   RO        29345    .text.__cxa_pure_virtual  c:\ProgramData\Mbed Studio\mbed-studio-tools\ac6\bin\..\lib\libcxx\libcppabi_w.l(cxa_virtual.cpp.o)
    0x080084bc   0x0000004e   Code   RO        24163    .text.__rt_entry    BUILD/DISCO_F746NG/ARMC6/mbed-os/rtos/source/TARGET_CORTEX/TOOLCHAIN_ARM_STD/mbed_boot_arm_std.o
    0x0800850a   0x00000002   PAD
    0x0800850c   0x00000068   Code   RO        24167    .text.__user_perthread_libspace  BUILD/DISCO_F746NG/ARMC6/mbed-os/rtos/source/TARGET_CORTEX/TOOLCHAIN_ARM_STD/mbed_boot_arm_std.o
    0x08008574   0x0000003a   Code   RO        20538    .text._eth_config_mac  BUILD/DISCO_F746NG/ARMC6/mbed-os/features/netsocket/emac-drivers/TARGET_STM/TARGET_STM32F7/stm32f7_eth_conf.o
    0x080085ae   0x00000034   Code   RO        24171    .text._mutex_acquire  BUILD/DISCO_F746NG/ARMC6/mbed-os/rtos/source/TARGET_CORTEX/TOOLCHAIN_ARM_STD/mbed_boot_arm_std.o
    0x080085e2   0x00000002   PAD
    0x080085e4   0x00000042   Code   RO        24175    .text._mutex_free   BUILD/DISCO_F746NG/ARMC6/mbed-os/rtos/source/TARGET_CORTEX/TOOLCHAIN_ARM_STD/mbed_boot_arm_std.o
    0x08008626   0x00000002   PAD
    0x08008628   0x000000a0   Code   RO        24169    .text._mutex_initialize  BUILD/DISCO_F746NG/ARMC6/mbed-os/rtos/source/TARGET_CORTEX/TOOLCHAIN_ARM_STD/mbed_boot_arm_std.o
    0x080086c8   0x00000030   Code   RO        24173    .text._mutex_release  BUILD/DISCO_F746NG/ARMC6/mbed-os/rtos/source/TARGET_CORTEX/TOOLCHAIN_ARM_STD/mbed_boot_arm_std.o
    0x080086f8   0x00000004   Code   RO        24456    .text._platform_post_stackheap_init  BUILD/DISCO_F746NG/ARMC6/mbed-os/rtos/source/TARGET_CORTEX/rtx5/RTX/Source/rtx_lib.o
    0x080086fc   0x00000004   Code   RO        23812    .text._sys_close    BUILD/DISCO_F746NG/ARMC6/mbed-os/platform/source/mbed_retarget.o
    0x08008700   0x00000002   Code   RO        23820    .text._sys_exit     BUILD/DISCO_F746NG/ARMC6/mbed-os/platform/source/mbed_retarget.o
    0x08008702   0x00000028   Code   RO        23840    .text._sys_flen     BUILD/DISCO_F746NG/ARMC6/mbed-os/platform/source/mbed_retarget.o
    0x0800872a   0x00000004   Code   RO        23828    .text._sys_istty    BUILD/DISCO_F746NG/ARMC6/mbed-os/platform/source/mbed_retarget.o
    0x0800872e   0x0000008c   Code   RO        23808    .text._sys_open     BUILD/DISCO_F746NG/ARMC6/mbed-os/platform/source/mbed_retarget.o
    0x080087ba   0x00000006   Code   RO        23830    .text._sys_seek     BUILD/DISCO_F746NG/ARMC6/mbed-os/platform/source/mbed_retarget.o
    0x080087c0   0x00000098   Code   RO        23816    .text._sys_write    BUILD/DISCO_F746NG/ARMC6/mbed-os/platform/source/mbed_retarget.o
    0x08008858   0x00000018   Code   RO        23822    .text._ttywrch      BUILD/DISCO_F746NG/ARMC6/mbed-os/platform/source/mbed_retarget.o
    0x08008870   0x00000016   Code   RO        24018    .text._wait_us_ticks  BUILD/DISCO_F746NG/ARMC6/mbed-os/platform/source/mbed_wait_api_no_rtos.o
    0x08008886   0x00000004   Code   RO        29582    .text.abort_message  c:\ProgramData\Mbed Studio\mbed-studio-tools\ac6\bin\..\lib\libcxx\libcppabi_w.l(abort_message.cpp.o)
    0x0800888a   0x00000002   Code   RO        23079    .text.block_us_ticker_free  BUILD/DISCO_F746NG/ARMC6/mbed-os/hal/mbed_us_ticker_api.o
    0x0800888c   0x00000132   Code   RO        28486    .text.can_irq       BUILD/DISCO_F746NG/ARMC6/mbed-os/targets/TARGET_STM/can_api.o
    0x080089be   0x0000003c   Code   RO        23814    .text.close         BUILD/DISCO_F746NG/ARMC6/mbed-os/platform/source/mbed_retarget.o
    0x080089fa   0x0000000c   Code   RO        23624    .text.core_util_are_interrupts_enabled  BUILD/DISCO_F746NG/ARMC6/mbed-os/platform/source/mbed_critical.o
    0x08008a06   0x00000016   Code   RO        23577    .text.core_util_atomic_load_u64  BUILD/DISCO_F746NG/ARMC6/mbed-os/platform/source/mbed_atomic_impl.o
    0x08008a1c   0x00000084   Code   RO        23630    .text.core_util_critical_section_enter  BUILD/DISCO_F746NG/ARMC6/mbed-os/platform/source/mbed_critical.o
    0x08008aa0   0x00000018   Code   RO        23632    .text.core_util_critical_section_exit  BUILD/DISCO_F746NG/ARMC6/mbed-os/platform/source/mbed_critical.o
    0x08008ab8   0x0000000c   Code   RO        23626    .text.core_util_is_isr_active  BUILD/DISCO_F746NG/ARMC6/mbed-os/platform/source/mbed_critical.o
    0x08008ac4   0x00000054   Code   RO        28806    .text.debug         BUILD/DISCO_F746NG/ARMC6/mbed-os/targets/TARGET_STM/serial_api.o
    0x08008b18   0x00000080   Code   RO         3393    .text.equeue_alloc  BUILD/DISCO_F746NG/ARMC6/mbed-os/events/source/equeue.o
    0x08008b98   0x00000024   Code   RO         3387    .text.equeue_create  BUILD/DISCO_F746NG/ARMC6/mbed-os/events/source/equeue.o
    0x08008bbc   0x00000072   Code   RO         3389    .text.equeue_create_inplace  BUILD/DISCO_F746NG/ARMC6/mbed-os/events/source/equeue.o
    0x08008c2e   0x00000002   PAD
    0x08008c30   0x0000007e   Code   RO         3395    .text.equeue_dealloc  BUILD/DISCO_F746NG/ARMC6/mbed-os/events/source/equeue.o
    0x08008cae   0x00000002   PAD
    0x08008cb0   0x00000058   Code   RO         3391    .text.equeue_destroy  BUILD/DISCO_F746NG/ARMC6/mbed-os/events/source/equeue.o
    0x08008d08   0x00000192   Code   RO         3415    .text.equeue_dispatch  BUILD/DISCO_F746NG/ARMC6/mbed-os/events/source/equeue.o
    0x08008e9a   0x00000002   PAD
    0x08008e9c   0x000000b2   Code   RO         3397    .text.equeue_enqueue  BUILD/DISCO_F746NG/ARMC6/mbed-os/events/source/equeue.o
    0x08008f4e   0x00000006   Code   RO         3417    .text.equeue_event_delay  BUILD/DISCO_F746NG/ARMC6/mbed-os/events/source/equeue.o
    0x08008f54   0x00000006   Code   RO         3421    .text.equeue_event_dtor  BUILD/DISCO_F746NG/ARMC6/mbed-os/events/source/equeue.o
    0x08008f5a   0x00000006   Code   RO         3419    .text.equeue_event_period  BUILD/DISCO_F746NG/ARMC6/mbed-os/events/source/equeue.o
    0x08008f60   0x00000004   Code   RO         3445    .text.equeue_mutex_create  BUILD/DISCO_F746NG/ARMC6/mbed-os/events/source/equeue_mbed.o
    0x08008f64   0x00000002   Code   RO         3447    .text.equeue_mutex_destroy  BUILD/DISCO_F746NG/ARMC6/mbed-os/events/source/equeue_mbed.o
    0x08008f66   0x00000004   Code   RO         3449    .text.equeue_mutex_lock  BUILD/DISCO_F746NG/ARMC6/mbed-os/events/source/equeue_mbed.o
    0x08008f6a   0x00000004   Code   RO         3451    .text.equeue_mutex_unlock  BUILD/DISCO_F746NG/ARMC6/mbed-os/events/source/equeue_mbed.o
    0x08008f6e   0x00000048   Code   RO         3399    .text.equeue_post   BUILD/DISCO_F746NG/ARMC6/mbed-os/events/source/equeue.o
    0x08008fb6   0x00000002   PAD
    0x08008fb8   0x00000014   Code   RO         3453    .text.equeue_sema_create  BUILD/DISCO_F746NG/ARMC6/mbed-os/events/source/equeue_mbed.o
    0x08008fcc   0x00000004   Code   RO         3455    .text.equeue_sema_destroy  BUILD/DISCO_F746NG/ARMC6/mbed-os/events/source/equeue_mbed.o
    0x08008fd0   0x00000006   Code   RO         3457    .text.equeue_sema_signal  BUILD/DISCO_F746NG/ARMC6/mbed-os/events/source/equeue_mbed.o
    0x08008fd6   0x00000018   Code   RO         3459    .text.equeue_sema_wait  BUILD/DISCO_F746NG/ARMC6/mbed-os/events/source/equeue_mbed.o
    0x08008fee   0x00000028   Code   RO         3443    .text.equeue_tick   BUILD/DISCO_F746NG/ARMC6/mbed-os/events/source/equeue_mbed.o
    0x08009016   0x00000004   Code   RO         3441    .text.equeue_tick_init  BUILD/DISCO_F746NG/ARMC6/mbed-os/events/source/equeue_mbed.o
    0x0800901a   0x00000002   PAD
    0x0800901c   0x00000070   Code   RO        23637    .text.error         BUILD/DISCO_F746NG/ARMC6/mbed-os/platform/source/mbed_error.o
    0x0800908c   0x00000034   Code   RO        24237    .text.error_msg     BUILD/DISCO_F746NG/ARMC6/mbed-os/rtos/source/TARGET_CORTEX/mbed_rtx_handlers.o
    0x080090c0   0x0000002e   Code   RO        23882    .text.exit          BUILD/DISCO_F746NG/ARMC6/mbed-os/platform/source/mbed_retarget.o
    0x080090ee   0x0000002a   Code   RO        23838    .text.fsync         BUILD/DISCO_F746NG/ARMC6/mbed-os/platform/source/mbed_retarget.o
    0x08009118   0x0000000a   Code   RO        22993    .text.get_lp_ticker_data  BUILD/DISCO_F746NG/ARMC6/mbed-os/hal/mbed_lp_ticker_api.o
    0x08009122   0x000000aa   Code   RO        28798    .text.get_uart_index  BUILD/DISCO_F746NG/ARMC6/mbed-os/targets/TARGET_STM/serial_api.o
    0x080091cc   0x0000000a   Code   RO        23073    .text.get_us_ticker_data  BUILD/DISCO_F746NG/ARMC6/mbed-os/hal/mbed_us_ticker_api.o
    0x080091d6   0x00000032   Code   RO        28517    .text.gpio_dir      BUILD/DISCO_F746NG/ARMC6/mbed-os/targets/TARGET_STM/gpio_api.o
    0x08009208   0x00000046   Code   RO        28513    .text.gpio_init     BUILD/DISCO_F746NG/ARMC6/mbed-os/targets/TARGET_STM/gpio_api.o
    0x0800924e   0x00000006   Code   RO        22977    .text.gpio_init_out  BUILD/DISCO_F746NG/ARMC6/mbed-os/hal/mbed_gpio.o
    0x08009254   0x00000038   Code   RO        22979    .text.gpio_init_out_ex  BUILD/DISCO_F746NG/ARMC6/mbed-os/hal/mbed_gpio.o
    0x0800928c   0x00000008   Code   RO        28515    .text.gpio_mode     BUILD/DISCO_F746NG/ARMC6/mbed-os/targets/TARGET_STM/gpio_api.o
    0x08009294   0x00000064   Code   RO        28511    .text.gpio_set      BUILD/DISCO_F746NG/ARMC6/mbed-os/targets/TARGET_STM/gpio_api.o
    0x080092f8   0x0000002a   Code   RO        22959    .text.hal_critical_section_enter  BUILD/DISCO_F746NG/ARMC6/mbed-os/hal/mbed_critical_section_api.o
    0x08009322   0x00000002   PAD
    0x08009324   0x00000080   Code   RO        22961    .text.hal_critical_section_exit  BUILD/DISCO_F746NG/ARMC6/mbed-os/hal/mbed_critical_section_api.o
    0x080093a4   0x00000118   Code   RO        28835    .text.hal_deepsleep  BUILD/DISCO_F746NG/ARMC6/mbed-os/targets/TARGET_STM/sleep.o
    0x080094bc   0x00000016   Code   RO        28833    .text.hal_sleep     BUILD/DISCO_F746NG/ARMC6/mbed-os/targets/TARGET_STM/sleep.o
    0x080094d2   0x00000106   Code   RO        23639    .text.handle_error  BUILD/DISCO_F746NG/ARMC6/mbed-os/platform/source/mbed_error.o
    0x080095d8   0x000000ba   Code   RO        28907    .text.init_32bit_timer  BUILD/DISCO_F746NG/ARMC6/mbed-os/targets/TARGET_STM/us_ticker.o
    0x08009692   0x00000068   Code   RO        28800    .text.init_uart     BUILD/DISCO_F746NG/ARMC6/mbed-os/targets/TARGET_STM/serial_api.o
    0x080096fa   0x00000002   PAD
    0x080096fc   0x0000014c   Code   RO        23047    .text.initialize    BUILD/DISCO_F746NG/ARMC6/mbed-os/hal/mbed_ticker_api.o
    0x08009848   0x00000026   Code   RO        23802    .text.isatty        BUILD/DISCO_F746NG/ARMC6/mbed-os/platform/source/mbed_retarget.o
    0x0800986e   0x0000002a   Code   RO        28659    .text.lp_ticker_clear_interrupt  BUILD/DISCO_F746NG/ARMC6/mbed-os/targets/TARGET_STM/lp_ticker.o
    0x08009898   0x00000076   Code   RO        28651    .text.lp_ticker_disable_interrupt  BUILD/DISCO_F746NG/ARMC6/mbed-os/targets/TARGET_STM/lp_ticker.o
    0x0800990e   0x00000038   Code   RO        28661    .text.lp_ticker_fire_interrupt  BUILD/DISCO_F746NG/ARMC6/mbed-os/targets/TARGET_STM/lp_ticker.o
    0x08009946   0x00000004   Code   RO        28663    .text.lp_ticker_free  BUILD/DISCO_F746NG/ARMC6/mbed-os/targets/TARGET_STM/lp_ticker.o
    0x0800994a   0x0000000a   Code   RO        28647    .text.lp_ticker_get_info  BUILD/DISCO_F746NG/ARMC6/mbed-os/targets/TARGET_STM/lp_ticker.o
    0x08009954   0x00000198   Code   RO        28649    .text.lp_ticker_init  BUILD/DISCO_F746NG/ARMC6/mbed-os/targets/TARGET_STM/lp_ticker.o
    0x08009aec   0x00000018   Code   RO        22997    .text.lp_ticker_irq_handler  BUILD/DISCO_F746NG/ARMC6/mbed-os/hal/mbed_lp_ticker_api.o
    0x08009b04   0x00000012   Code   RO        28655    .text.lp_ticker_read  BUILD/DISCO_F746NG/ARMC6/mbed-os/targets/TARGET_STM/lp_ticker.o
    0x08009b16   0x00000002   PAD
    0x08009b18   0x0000010c   Code   RO        28657    .text.lp_ticker_set_interrupt  BUILD/DISCO_F746NG/ARMC6/mbed-os/targets/TARGET_STM/lp_ticker.o
    0x08009c24   0x00000030   Code   RO        23832    .text.lseek         BUILD/DISCO_F746NG/ARMC6/mbed-os/platform/source/mbed_retarget.o
    0x08009c54   0x00000140   Code   RO          574    .text.main          BUILD/DISCO_F746NG/ARMC6/main.o
    0x08009d94   0x0000001a   Code   RO        23511    .text.mbed_assert_internal  BUILD/DISCO_F746NG/ARMC6/mbed-os/platform/source/mbed_assert.o
    0x08009dae   0x00000002   PAD
    0x08009db0   0x00000064   Code   RO        23611    .text.mbed_die      BUILD/DISCO_F746NG/ARMC6/mbed-os/platform/source/mbed_board.o
    0x08009e14   0x00000032   Code   RO        23659    .text.mbed_error    BUILD/DISCO_F746NG/ARMC6/mbed-os/platform/source/mbed_error.o
    0x08009e46   0x00000004   Code   RO        23647    .text.mbed_error_initialize  BUILD/DISCO_F746NG/ARMC6/mbed-os/platform/source/mbed_error.o
    0x08009e4a   0x00000020   Code   RO        23613    .text.mbed_error_printf  BUILD/DISCO_F746NG/ARMC6/mbed-os/platform/source/mbed_board.o
    0x08009e6a   0x0000002a   Code   RO        23617    .text.mbed_error_puts  BUILD/DISCO_F746NG/ARMC6/mbed-os/platform/source/mbed_board.o
    0x08009e94   0x00000034   Code   RO        23615    .text.mbed_error_vprintf  BUILD/DISCO_F746NG/ARMC6/mbed-os/platform/source/mbed_board.o
    0x08009ec8   0x000000d8   Code   RO        23492    .text.mbed_fault_handler  BUILD/DISCO_F746NG/ARMC6/mbed-os/platform/source/TARGET_CORTEX_M/mbed_fault_handler.o
    0x08009fa0   0x0000000c   Code   RO        23655    .text.mbed_get_error_in_progress  BUILD/DISCO_F746NG/ARMC6/mbed-os/platform/source/mbed_error.o
    0x08009fac   0x0000003e   Code   RO        23643    .text.mbed_halt_system  BUILD/DISCO_F746NG/ARMC6/mbed-os/platform/source/mbed_error.o
    0x08009fea   0x00000002   PAD
    0x08009fec   0x0000003c   Code   RO        24183    .text.mbed_init     BUILD/DISCO_F746NG/ARMC6/mbed-os/rtos/source/TARGET_CORTEX/mbed_boot.o
    0x0800a028   0x0000002c   Code   RO        20552    .text.mbed_mac_address  BUILD/DISCO_F746NG/ARMC6/mbed-os/features/netsocket/emac-drivers/TARGET_STM/stm32xx_emac.o
    0x0800a054   0x00000002   Code   RO        24189    .text.mbed_main     BUILD/DISCO_F746NG/ARMC6/mbed-os/rtos/source/TARGET_CORTEX/mbed_boot.o
    0x0800a056   0x00000002   PAD
    0x0800a058   0x000000ac   Code   RO        23087    .text.mbed_mpu_init  BUILD/DISCO_F746NG/ARMC6/mbed-os/hal/mpu/mbed_mpu_v7m.o
    0x0800a104   0x00000004   Code   RO        24197    .text.mbed_rtos_init  BUILD/DISCO_F746NG/ARMC6/mbed-os/rtos/source/TARGET_CORTEX/mbed_rtos_rtx.o
    0x0800a108   0x000000e4   Code   RO        24199    .text.mbed_rtos_start  BUILD/DISCO_F746NG/ARMC6/mbed-os/rtos/source/TARGET_CORTEX/mbed_rtos_rtx.o
    0x0800a1ec   0x000000be   Code   RO        28690    .text.mbed_sdk_init  BUILD/DISCO_F746NG/ARMC6/mbed-os/targets/TARGET_STM/mbed_overrides.o
    0x0800a2aa   0x00000016   Code   RO        24187    .text.mbed_start    BUILD/DISCO_F746NG/ARMC6/mbed-os/rtos/source/TARGET_CORTEX/mbed_boot.o
    0x0800a2c0   0x0000001a   Code   RO        24165    .text.mbed_toolchain_init  BUILD/DISCO_F746NG/ARMC6/mbed-os/rtos/source/TARGET_CORTEX/TOOLCHAIN_ARM_STD/mbed_boot_arm_std.o
    0x0800a2da   0x000000a6   Code   RO        23810    .text.open          BUILD/DISCO_F746NG/ARMC6/mbed-os/platform/source/mbed_retarget.o
    0x0800a380   0x0000002e   Code   RO        24326    .text.osDelay       BUILD/DISCO_F746NG/ARMC6/mbed-os/rtos/source/TARGET_CORTEX/rtx5/RTX/Source/rtx_delay.o
    0x0800a3ae   0x0000002e   Code   RO        24352    .text.osEventFlagsDelete  BUILD/DISCO_F746NG/ARMC6/mbed-os/rtos/source/TARGET_CORTEX/rtx5/RTX/Source/rtx_evflags.o
    0x0800a3dc   0x00000032   Code   RO        24336    .text.osEventFlagsNew  BUILD/DISCO_F746NG/ARMC6/mbed-os/rtos/source/TARGET_CORTEX/rtx5/RTX/Source/rtx_evflags.o
    0x0800a40e   0x00000056   Code   RO        24340    .text.osEventFlagsSet  BUILD/DISCO_F746NG/ARMC6/mbed-os/rtos/source/TARGET_CORTEX/rtx5/RTX/Source/rtx_evflags.o
    0x0800a464   0x0000004e   Code   RO        24350    .text.osEventFlagsWait  BUILD/DISCO_F746NG/ARMC6/mbed-os/rtos/source/TARGET_CORTEX/rtx5/RTX/Source/rtx_evflags.o
    0x0800a4b2   0x00000032   Code   RO        24406    .text.osKernelGetState  BUILD/DISCO_F746NG/ARMC6/mbed-os/rtos/source/TARGET_CORTEX/rtx5/RTX/Source/rtx_kernel.o
    0x0800a4e4   0x0000002a   Code   RO        24422    .text.osKernelGetTickCount  BUILD/DISCO_F746NG/ARMC6/mbed-os/rtos/source/TARGET_CORTEX/rtx5/RTX/Source/rtx_kernel.o
    0x0800a50e   0x00000032   Code   RO        24400    .text.osKernelInitialize  BUILD/DISCO_F746NG/ARMC6/mbed-os/rtos/source/TARGET_CORTEX/rtx5/RTX/Source/rtx_kernel.o
    0x0800a540   0x00000026   Code   RO        24420    .text.osKernelResume  BUILD/DISCO_F746NG/ARMC6/mbed-os/rtos/source/TARGET_CORTEX/rtx5/RTX/Source/rtx_kernel.o
    0x0800a566   0x0000002e   Code   RO        24410    .text.osKernelStart  BUILD/DISCO_F746NG/ARMC6/mbed-os/rtos/source/TARGET_CORTEX/rtx5/RTX/Source/rtx_kernel.o
    0x0800a594   0x0000002c   Code   RO        24418    .text.osKernelSuspend  BUILD/DISCO_F746NG/ARMC6/mbed-os/rtos/source/TARGET_CORTEX/rtx5/RTX/Source/rtx_kernel.o
    0x0800a5c0   0x0000007c   Code   RO        24532    .text.osMessageQueueGet  BUILD/DISCO_F746NG/ARMC6/mbed-os/rtos/source/TARGET_CORTEX/rtx5/RTX/Source/rtx_msgqueue.o
    0x0800a63c   0x00000032   Code   RO        24526    .text.osMessageQueueNew  BUILD/DISCO_F746NG/ARMC6/mbed-os/rtos/source/TARGET_CORTEX/rtx5/RTX/Source/rtx_msgqueue.o
    0x0800a66e   0x00000084   Code   RO        24530    .text.osMessageQueuePut  BUILD/DISCO_F746NG/ARMC6/mbed-os/rtos/source/TARGET_CORTEX/rtx5/RTX/Source/rtx_msgqueue.o
    0x0800a6f2   0x0000002e   Code   RO        24580    .text.osMutexAcquire  BUILD/DISCO_F746NG/ARMC6/mbed-os/rtos/source/TARGET_CORTEX/rtx5/RTX/Source/rtx_mutex.o
    0x0800a720   0x0000002e   Code   RO        24586    .text.osMutexDelete  BUILD/DISCO_F746NG/ARMC6/mbed-os/rtos/source/TARGET_CORTEX/rtx5/RTX/Source/rtx_mutex.o
    0x0800a74e   0x00000032   Code   RO        24576    .text.osMutexNew    BUILD/DISCO_F746NG/ARMC6/mbed-os/rtos/source/TARGET_CORTEX/rtx5/RTX/Source/rtx_mutex.o
    0x0800a780   0x0000002e   Code   RO        24582    .text.osMutexRelease  BUILD/DISCO_F746NG/ARMC6/mbed-os/rtos/source/TARGET_CORTEX/rtx5/RTX/Source/rtx_mutex.o
    0x0800a7ae   0x00000002   PAD
    0x0800a7b0   0x000000f4   Code   RO        24213    .text.osRtxErrorNotify  BUILD/DISCO_F746NG/ARMC6/mbed-os/rtos/source/TARGET_CORTEX/mbed_rtx_handlers.o
    0x0800a8a4   0x00000038   Code   RO        24356    .text.osRtxEventFlagsPostProcess  BUILD/DISCO_F746NG/ARMC6/mbed-os/rtos/source/TARGET_CORTEX/rtx5/RTX/Source/rtx_evflags.o
    0x0800a8dc   0x00000004   Code   RO        24211    .text.osRtxIdleThread  BUILD/DISCO_F746NG/ARMC6/mbed-os/rtos/source/TARGET_CORTEX/mbed_rtx_handlers.o
    0x0800a8e0   0x00000002   Code   RO        24398    .text.osRtxKernelPreInit  BUILD/DISCO_F746NG/ARMC6/mbed-os/rtos/source/TARGET_CORTEX/rtx5/RTX/Source/rtx_kernel.o
    0x0800a8e2   0x00000002   PAD
    0x0800a8e4   0x00000088   Code   RO        24474    .text.osRtxMemoryAlloc  BUILD/DISCO_F746NG/ARMC6/mbed-os/rtos/source/TARGET_CORTEX/rtx5/RTX/Source/rtx_memory.o
    0x0800a96c   0x00000050   Code   RO        24476    .text.osRtxMemoryFree  BUILD/DISCO_F746NG/ARMC6/mbed-os/rtos/source/TARGET_CORTEX/rtx5/RTX/Source/rtx_memory.o
    0x0800a9bc   0x00000038   Code   RO        24472    .text.osRtxMemoryInit  BUILD/DISCO_F746NG/ARMC6/mbed-os/rtos/source/TARGET_CORTEX/rtx5/RTX/Source/rtx_memory.o
    0x0800a9f4   0x0000003a   Code   RO        24482    .text.osRtxMemoryPoolAlloc  BUILD/DISCO_F746NG/ARMC6/mbed-os/rtos/source/TARGET_CORTEX/rtx5/RTX/Source/rtx_mempool.o
    0x0800aa2e   0x0000004a   Code   RO        24484    .text.osRtxMemoryPoolFree  BUILD/DISCO_F746NG/ARMC6/mbed-os/rtos/source/TARGET_CORTEX/rtx5/RTX/Source/rtx_mempool.o
    0x0800aa78   0x00000046   Code   RO        24480    .text.osRtxMemoryPoolInit  BUILD/DISCO_F746NG/ARMC6/mbed-os/rtos/source/TARGET_CORTEX/rtx5/RTX/Source/rtx_mempool.o
    0x0800aabe   0x000000d4   Code   RO        24556    .text.osRtxMessageQueuePostProcess  BUILD/DISCO_F746NG/ARMC6/mbed-os/rtos/source/TARGET_CORTEX/rtx5/RTX/Source/rtx_msgqueue.o
    0x0800ab92   0x00000002   PAD
    0x0800ab94   0x00000046   Code   RO        24574    .text.osRtxMutexOwnerRelease  BUILD/DISCO_F746NG/ARMC6/mbed-os/rtos/source/TARGET_CORTEX/rtx5/RTX/Source/rtx_mutex.o
    0x0800abda   0x00000002   PAD
    0x0800abdc   0x000000a4   Code   RO        24632    .text.osRtxPendSV_Handler  BUILD/DISCO_F746NG/ARMC6/mbed-os/rtos/source/TARGET_CORTEX/rtx5/RTX/Source/rtx_system.o
    0x0800ac80   0x00000076   Code   RO        24634    .text.osRtxPostProcess  BUILD/DISCO_F746NG/ARMC6/mbed-os/rtos/source/TARGET_CORTEX/rtx5/RTX/Source/rtx_system.o
    0x0800acf6   0x00000036   Code   RO        24618    .text.osRtxSemaphorePostProcess  BUILD/DISCO_F746NG/ARMC6/mbed-os/rtos/source/TARGET_CORTEX/rtx5/RTX/Source/rtx_semaphore.o
    0x0800ad2c   0x000000a4   Code   RO        24664    .text.osRtxThreadDelayInsert  BUILD/DISCO_F746NG/ARMC6/mbed-os/rtos/source/TARGET_CORTEX/rtx5/RTX/Source/rtx_thread.o
    0x0800add0   0x00000042   Code   RO        24660    .text.osRtxThreadDelayRemove  BUILD/DISCO_F746NG/ARMC6/mbed-os/rtos/source/TARGET_CORTEX/rtx5/RTX/Source/rtx_thread.o
    0x0800ae12   0x00000002   PAD
    0x0800ae14   0x00000076   Code   RO        24648    .text.osRtxThreadDelayTick  BUILD/DISCO_F746NG/ARMC6/mbed-os/rtos/source/TARGET_CORTEX/rtx5/RTX/Source/rtx_thread.o
    0x0800ae8a   0x00000002   PAD
    0x0800ae8c   0x000000fe   Code   RO        24656    .text.osRtxThreadDispatch  BUILD/DISCO_F746NG/ARMC6/mbed-os/rtos/source/TARGET_CORTEX/rtx5/RTX/Source/rtx_thread.o
    0x0800af8a   0x00000066   Code   RO        24738    .text.osRtxThreadFree  BUILD/DISCO_F746NG/ARMC6/mbed-os/rtos/source/TARGET_CORTEX/rtx5/RTX/Source/rtx_thread.o
    0x0800aff0   0x00000012   Code   RO        24640    .text.osRtxThreadListGet  BUILD/DISCO_F746NG/ARMC6/mbed-os/rtos/source/TARGET_CORTEX/rtx5/RTX/Source/rtx_thread.o
    0x0800b002   0x00000002   PAD
    0x0800b004   0x0000002a   Code   RO        24638    .text.osRtxThreadListPut  BUILD/DISCO_F746NG/ARMC6/mbed-os/rtos/source/TARGET_CORTEX/rtx5/RTX/Source/rtx_thread.o
    0x0800b02e   0x00000014   Code   RO        24644    .text.osRtxThreadListRemove  BUILD/DISCO_F746NG/ARMC6/mbed-os/rtos/source/TARGET_CORTEX/rtx5/RTX/Source/rtx_thread.o
    0x0800b042   0x00000002   PAD
    0x0800b044   0x0000004a   Code   RO        24642    .text.osRtxThreadListSort  BUILD/DISCO_F746NG/ARMC6/mbed-os/rtos/source/TARGET_CORTEX/rtx5/RTX/Source/rtx_thread.o
    0x0800b08e   0x0000002a   Code   RO        24714    .text.osRtxThreadPostProcess  BUILD/DISCO_F746NG/ARMC6/mbed-os/rtos/source/TARGET_CORTEX/rtx5/RTX/Source/rtx_thread.o
    0x0800b0b8   0x0000003a   Code   RO        24646    .text.osRtxThreadReadyPut  BUILD/DISCO_F746NG/ARMC6/mbed-os/rtos/source/TARGET_CORTEX/rtx5/RTX/Source/rtx_thread.o
    0x0800b0f2   0x00000014   Code   RO        24650    .text.osRtxThreadRegPtr  BUILD/DISCO_F746NG/ARMC6/mbed-os/rtos/source/TARGET_CORTEX/rtx5/RTX/Source/rtx_thread.o
    0x0800b106   0x0000002a   Code   RO        24654    .text.osRtxThreadStackCheck  BUILD/DISCO_F746NG/ARMC6/mbed-os/rtos/source/TARGET_CORTEX/rtx5/RTX/Source/rtx_thread.o
    0x0800b130   0x00000046   Code   RO        24666    .text.osRtxThreadStartup  BUILD/DISCO_F746NG/ARMC6/mbed-os/rtos/source/TARGET_CORTEX/rtx5/RTX/Source/rtx_thread.o
    0x0800b176   0x00000012   Code   RO        24652    .text.osRtxThreadSwitch  BUILD/DISCO_F746NG/ARMC6/mbed-os/rtos/source/TARGET_CORTEX/rtx5/RTX/Source/rtx_thread.o
    0x0800b188   0x0000004c   Code   RO        24662    .text.osRtxThreadWaitEnter  BUILD/DISCO_F746NG/ARMC6/mbed-os/rtos/source/TARGET_CORTEX/rtx5/RTX/Source/rtx_thread.o
    0x0800b1d4   0x0000005e   Code   RO        24658    .text.osRtxThreadWaitExit  BUILD/DISCO_F746NG/ARMC6/mbed-os/rtos/source/TARGET_CORTEX/rtx5/RTX/Source/rtx_thread.o
    0x0800b232   0x00000076   Code   RO        24630    .text.osRtxTick_Handler  BUILD/DISCO_F746NG/ARMC6/mbed-os/rtos/source/TARGET_CORTEX/rtx5/RTX/Source/rtx_system.o
    0x0800b2a8   0x00000044   Code   RO        24760    .text.osRtxTimerThread  BUILD/DISCO_F746NG/ARMC6/mbed-os/rtos/source/TARGET_CORTEX/rtx5/RTX/Source/rtx_timer.o
    0x0800b2ec   0x0000005a   Code   RO        24762    .text.osRtxTimerTick  BUILD/DISCO_F746NG/ARMC6/mbed-os/rtos/source/TARGET_CORTEX/rtx5/RTX/Source/rtx_timer.o
    0x0800b346   0x0000002e   Code   RO        24614    .text.osSemaphoreDelete  BUILD/DISCO_F746NG/ARMC6/mbed-os/rtos/source/TARGET_CORTEX/rtx5/RTX/Source/rtx_semaphore.o
    0x0800b374   0x00000032   Code   RO        24602    .text.osSemaphoreNew  BUILD/DISCO_F746NG/ARMC6/mbed-os/rtos/source/TARGET_CORTEX/rtx5/RTX/Source/rtx_semaphore.o
    0x0800b3a6   0x00000076   Code   RO        24608    .text.osSemaphoreRelease  BUILD/DISCO_F746NG/ARMC6/mbed-os/rtos/source/TARGET_CORTEX/rtx5/RTX/Source/rtx_semaphore.o
    0x0800b41c   0x0000001a   Code   RO        24698    .text.osThreadExit  BUILD/DISCO_F746NG/ARMC6/mbed-os/rtos/source/TARGET_CORTEX/rtx5/RTX/Source/rtx_thread.o
    0x0800b436   0x00000066   Code   RO        24706    .text.osThreadFlagsSet  BUILD/DISCO_F746NG/ARMC6/mbed-os/rtos/source/TARGET_CORTEX/rtx5/RTX/Source/rtx_thread.o
    0x0800b49c   0x00000030   Code   RO        24712    .text.osThreadFlagsWait  BUILD/DISCO_F746NG/ARMC6/mbed-os/rtos/source/TARGET_CORTEX/rtx5/RTX/Source/rtx_thread.o
    0x0800b4cc   0x0000002a   Code   RO        24674    .text.osThreadGetId  BUILD/DISCO_F746NG/ARMC6/mbed-os/rtos/source/TARGET_CORTEX/rtx5/RTX/Source/rtx_thread.o
    0x0800b4f6   0x00000032   Code   RO        24670    .text.osThreadNew   BUILD/DISCO_F746NG/ARMC6/mbed-os/rtos/source/TARGET_CORTEX/rtx5/RTX/Source/rtx_thread.o
    0x0800b528   0x00000038   Code   RO        24700    .text.osThreadTerminate  BUILD/DISCO_F746NG/ARMC6/mbed-os/rtos/source/TARGET_CORTEX/rtx5/RTX/Source/rtx_thread.o
    0x0800b560   0x00000124   Code   RO        28695    .text.pin_function  BUILD/DISCO_F746NG/ARMC6/mbed-os/targets/TARGET_STM/pinmap.o
    0x0800b684   0x00000096   Code   RO        28697    .text.pin_mode      BUILD/DISCO_F746NG/ARMC6/mbed-os/targets/TARGET_STM/pinmap.o
    0x0800b71a   0x00000002   PAD
    0x0800b71c   0x00000044   Code   RO        23008    .text.pinmap_merge  BUILD/DISCO_F746NG/ARMC6/mbed-os/hal/mbed_pinmap_common.o
    0x0800b760   0x00000074   Code   RO        23012    .text.pinmap_peripheral  BUILD/DISCO_F746NG/ARMC6/mbed-os/hal/mbed_pinmap_common.o
    0x0800b7d4   0x0000006c   Code   RO        23006    .text.pinmap_pinout  BUILD/DISCO_F746NG/ARMC6/mbed-os/hal/mbed_pinmap_common.o
    0x0800b840   0x00000168   Code   RO        23494    .text.print_context_info  BUILD/DISCO_F746NG/ARMC6/mbed-os/platform/source/TARGET_CORTEX_M/mbed_fault_handler.o
    0x0800b9a8   0x000001fc   Code   RO        23641    .text.print_error_report  BUILD/DISCO_F746NG/ARMC6/mbed-os/platform/source/mbed_error.o
    0x0800bba4   0x00000038   Code   RO        28923    .text.restore_timer_ctx  BUILD/DISCO_F746NG/ARMC6/mbed-os/targets/TARGET_STM/us_ticker.o
    0x0800bbdc   0x0000000e   Code   RO        24265    .text.rtos_idle_loop  BUILD/DISCO_F746NG/ARMC6/mbed-os/rtos/source/TARGET_CORTEX/mbed_rtx_idle.o
    0x0800bbea   0x00000038   Code   RO        28921    .text.save_timer_ctx  BUILD/DISCO_F746NG/ARMC6/mbed-os/targets/TARGET_STM/us_ticker.o
    0x0800bc22   0x00000002   PAD
    0x0800bc24   0x00000160   Code   RO        23053    .text.schedule_interrupt  BUILD/DISCO_F746NG/ARMC6/mbed-os/hal/mbed_ticker_api.o
    0x0800bd84   0x00000018   Code   RO        28804    .text.serial_baud   BUILD/DISCO_F746NG/ARMC6/mbed-os/targets/TARGET_STM/serial_api.o
    0x0800bd9c   0x00000026   Code   RO        28306    .text.serial_getc   BUILD/DISCO_F746NG/ARMC6/mbed-os/targets/TARGET_STM/TARGET_STM32F7/serial_device.o
    0x0800bdc2   0x00000002   PAD
    0x0800bdc4   0x000002c8   Code   RO        28796    .text.serial_init   BUILD/DISCO_F746NG/ARMC6/mbed-os/targets/TARGET_STM/serial_api.o
    0x0800c08c   0x000000c6   Code   RO        28826    .text.serial_is_tx_ongoing  BUILD/DISCO_F746NG/ARMC6/mbed-os/targets/TARGET_STM/serial_api.o
    0x0800c152   0x00000002   PAD
    0x0800c154   0x00000026   Code   RO        28308    .text.serial_putc   BUILD/DISCO_F746NG/ARMC6/mbed-os/targets/TARGET_STM/TARGET_STM32F7/serial_device.o
    0x0800c17a   0x00000020   Code   RO        28818    .text.serial_readable  BUILD/DISCO_F746NG/ARMC6/mbed-os/targets/TARGET_STM/serial_api.o
    0x0800c19a   0x00000016   Code   RO        28820    .text.serial_writable  BUILD/DISCO_F746NG/ARMC6/mbed-os/targets/TARGET_STM/serial_api.o
    0x0800c1b0   0x00000060   Code   RO        23763    .text.sleep_manager_lock_deep_sleep_internal  BUILD/DISCO_F746NG/ARMC6/mbed-os/platform/source/mbed_power_mgmt.o
    0x0800c210   0x00000024   Code   RO        23771    .text.sleep_manager_sleep_auto  BUILD/DISCO_F746NG/ARMC6/mbed-os/platform/source/mbed_power_mgmt.o
    0x0800c234   0x00000064   Code   RO        23765    .text.sleep_manager_unlock_deep_sleep_internal  BUILD/DISCO_F746NG/ARMC6/mbed-os/platform/source/mbed_power_mgmt.o
    0x0800c298   0x00000014   Code   RO        24330    .text.svcRtxDelay   BUILD/DISCO_F746NG/ARMC6/mbed-os/rtos/source/TARGET_CORTEX/rtx5/RTX/Source/rtx_delay.o
    0x0800c2ac   0x0000006c   Code   RO        24366    .text.svcRtxEventFlagsDelete  BUILD/DISCO_F746NG/ARMC6/mbed-os/rtos/source/TARGET_CORTEX/rtx5/RTX/Source/rtx_evflags.o
    0x0800c318   0x00000080   Code   RO        24354    .text.svcRtxEventFlagsNew  BUILD/DISCO_F746NG/ARMC6/mbed-os/rtos/source/TARGET_CORTEX/rtx5/RTX/Source/rtx_evflags.o
    0x0800c398   0x00000088   Code   RO        24362    .text.svcRtxEventFlagsSet  BUILD/DISCO_F746NG/ARMC6/mbed-os/rtos/source/TARGET_CORTEX/rtx5/RTX/Source/rtx_evflags.o
    0x0800c420   0x00000068   Code   RO        24364    .text.svcRtxEventFlagsWait  BUILD/DISCO_F746NG/ARMC6/mbed-os/rtos/source/TARGET_CORTEX/rtx5/RTX/Source/rtx_evflags.o
    0x0800c488   0x0000000c   Code   RO        24408    .text.svcRtxKernelGetState  BUILD/DISCO_F746NG/ARMC6/mbed-os/rtos/source/TARGET_CORTEX/rtx5/RTX/Source/rtx_kernel.o
    0x0800c494   0x0000000c   Code   RO        24424    .text.svcRtxKernelGetTickCount  BUILD/DISCO_F746NG/ARMC6/mbed-os/rtos/source/TARGET_CORTEX/rtx5/RTX/Source/rtx_kernel.o
    0x0800c4a0   0x0000015a   Code   RO        24438    .text.svcRtxKernelInitialize  BUILD/DISCO_F746NG/ARMC6/mbed-os/rtos/source/TARGET_CORTEX/rtx5/RTX/Source/rtx_kernel.o
    0x0800c5fa   0x00000002   PAD
    0x0800c5fc   0x00000098   Code   RO        24450    .text.svcRtxKernelResume  BUILD/DISCO_F746NG/ARMC6/mbed-os/rtos/source/TARGET_CORTEX/rtx5/RTX/Source/rtx_kernel.o
    0x0800c694   0x000000a6   Code   RO        24440    .text.svcRtxKernelStart  BUILD/DISCO_F746NG/ARMC6/mbed-os/rtos/source/TARGET_CORTEX/rtx5/RTX/Source/rtx_kernel.o
    0x0800c73a   0x0000005c   Code   RO        24448    .text.svcRtxKernelSuspend  BUILD/DISCO_F746NG/ARMC6/mbed-os/rtos/source/TARGET_CORTEX/rtx5/RTX/Source/rtx_kernel.o
    0x0800c796   0x000000f6   Code   RO        24566    .text.svcRtxMessageQueueGet  BUILD/DISCO_F746NG/ARMC6/mbed-os/rtos/source/TARGET_CORTEX/rtx5/RTX/Source/rtx_msgqueue.o
    0x0800c88c   0x00000156   Code   RO        24554    .text.svcRtxMessageQueueNew  BUILD/DISCO_F746NG/ARMC6/mbed-os/rtos/source/TARGET_CORTEX/rtx5/RTX/Source/rtx_msgqueue.o
    0x0800c9e2   0x000000c0   Code   RO        24562    .text.svcRtxMessageQueuePut  BUILD/DISCO_F746NG/ARMC6/mbed-os/rtos/source/TARGET_CORTEX/rtx5/RTX/Source/rtx_msgqueue.o
    0x0800caa2   0x000000b2   Code   RO        24592    .text.svcRtxMutexAcquire  BUILD/DISCO_F746NG/ARMC6/mbed-os/rtos/source/TARGET_CORTEX/rtx5/RTX/Source/rtx_mutex.o
    0x0800cb54   0x000000be   Code   RO        24598    .text.svcRtxMutexDelete  BUILD/DISCO_F746NG/ARMC6/mbed-os/rtos/source/TARGET_CORTEX/rtx5/RTX/Source/rtx_mutex.o
    0x0800cc12   0x00000078   Code   RO        24588    .text.svcRtxMutexNew  BUILD/DISCO_F746NG/ARMC6/mbed-os/rtos/source/TARGET_CORTEX/rtx5/RTX/Source/rtx_mutex.o
    0x0800cc8a   0x000000d2   Code   RO        24594    .text.svcRtxMutexRelease  BUILD/DISCO_F746NG/ARMC6/mbed-os/rtos/source/TARGET_CORTEX/rtx5/RTX/Source/rtx_mutex.o
    0x0800cd5c   0x0000006c   Code   RO        24626    .text.svcRtxSemaphoreDelete  BUILD/DISCO_F746NG/ARMC6/mbed-os/rtos/source/TARGET_CORTEX/rtx5/RTX/Source/rtx_semaphore.o
    0x0800cdc8   0x000000a0   Code   RO        24616    .text.svcRtxSemaphoreNew  BUILD/DISCO_F746NG/ARMC6/mbed-os/rtos/source/TARGET_CORTEX/rtx5/RTX/Source/rtx_semaphore.o
    0x0800ce68   0x00000066   Code   RO        24624    .text.svcRtxSemaphoreRelease  BUILD/DISCO_F746NG/ARMC6/mbed-os/rtos/source/TARGET_CORTEX/rtx5/RTX/Source/rtx_semaphore.o
    0x0800cece   0x00000078   Code   RO        24742    .text.svcRtxThreadExit  BUILD/DISCO_F746NG/ARMC6/mbed-os/rtos/source/TARGET_CORTEX/rtx5/RTX/Source/rtx_thread.o
    0x0800cf46   0x0000008c   Code   RO        24750    .text.svcRtxThreadFlagsSet  BUILD/DISCO_F746NG/ARMC6/mbed-os/rtos/source/TARGET_CORTEX/rtx5/RTX/Source/rtx_thread.o
    0x0800cfd2   0x0000006e   Code   RO        24756    .text.svcRtxThreadFlagsWait  BUILD/DISCO_F746NG/ARMC6/mbed-os/rtos/source/TARGET_CORTEX/rtx5/RTX/Source/rtx_thread.o
    0x0800d040   0x0000000c   Code   RO        24676    .text.svcRtxThreadGetId  BUILD/DISCO_F746NG/ARMC6/mbed-os/rtos/source/TARGET_CORTEX/rtx5/RTX/Source/rtx_thread.o
    0x0800d04c   0x0000021e   Code   RO        24668    .text.svcRtxThreadNew  BUILD/DISCO_F746NG/ARMC6/mbed-os/rtos/source/TARGET_CORTEX/rtx5/RTX/Source/rtx_thread.o
    0x0800d26a   0x000000f4   Code   RO        24744    .text.svcRtxThreadTerminate  BUILD/DISCO_F746NG/ARMC6/mbed-os/rtos/source/TARGET_CORTEX/rtx5/RTX/Source/rtx_thread.o
    0x0800d35e   0x00000002   PAD
    0x0800d360   0x00000078   Code   RO        23057    .text.ticker_insert_event_us  BUILD/DISCO_F746NG/ARMC6/mbed-os/hal/mbed_ticker_api.o
    0x0800d3d8   0x00000066   Code   RO        23049    .text.ticker_irq_handler  BUILD/DISCO_F746NG/ARMC6/mbed-os/hal/mbed_ticker_api.o
    0x0800d43e   0x00000022   Code   RO        23063    .text.ticker_read_us  BUILD/DISCO_F746NG/ARMC6/mbed-os/hal/mbed_ticker_api.o
    0x0800d460   0x00000036   Code   RO        23059    .text.ticker_remove_event  BUILD/DISCO_F746NG/ARMC6/mbed-os/hal/mbed_ticker_api.o
    0x0800d496   0x0000001a   Code   RO        23045    .text.ticker_set_handler  BUILD/DISCO_F746NG/ARMC6/mbed-os/hal/mbed_ticker_api.o
    0x0800d4b0   0x0000002a   Code   RO        28905    .text.timer_irq_handler  BUILD/DISCO_F746NG/ARMC6/mbed-os/targets/TARGET_STM/us_ticker.o
    0x0800d4da   0x0000002a   Code   RO        24217    .text.trap_rtx_error  BUILD/DISCO_F746NG/ARMC6/mbed-os/rtos/source/TARGET_CORTEX/mbed_rtx_handlers.o
    0x0800d504   0x000000e8   Code   RO        23051    .text.update_present_time  BUILD/DISCO_F746NG/ARMC6/mbed-os/hal/mbed_ticker_api.o
    0x0800d5ec   0x00000012   Code   RO        28919    .text.us_ticker_clear_interrupt  BUILD/DISCO_F746NG/ARMC6/mbed-os/targets/TARGET_STM/us_ticker.o
    0x0800d5fe   0x00000014   Code   RO        28917    .text.us_ticker_disable_interrupt  BUILD/DISCO_F746NG/ARMC6/mbed-os/targets/TARGET_STM/us_ticker.o
    0x0800d612   0x00000022   Code   RO        28915    .text.us_ticker_fire_interrupt  BUILD/DISCO_F746NG/ARMC6/mbed-os/targets/TARGET_STM/us_ticker.o
    0x0800d634   0x0000000a   Code   RO        28903    .text.us_ticker_get_info  BUILD/DISCO_F746NG/ARMC6/mbed-os/targets/TARGET_STM/us_ticker.o
    0x0800d63e   0x00000018   Code   RO        28909    .text.us_ticker_init  BUILD/DISCO_F746NG/ARMC6/mbed-os/targets/TARGET_STM/us_ticker.o
    0x0800d656   0x00000018   Code   RO        23077    .text.us_ticker_irq_handler  BUILD/DISCO_F746NG/ARMC6/mbed-os/hal/mbed_us_ticker_api.o
    0x0800d66e   0x0000000c   Code   RO        28911    .text.us_ticker_read  BUILD/DISCO_F746NG/ARMC6/mbed-os/targets/TARGET_STM/us_ticker.o
    0x0800d67a   0x0000001c   Code   RO        28913    .text.us_ticker_set_interrupt  BUILD/DISCO_F746NG/ARMC6/mbed-os/targets/TARGET_STM/us_ticker.o
    0x0800d696   0x00000004   Code   RO           49    .text.wm8994_DeInit  BUILD/DISCO_F746NG/ARMC6/BSP_DISCO_F746NG/Drivers/BSP/Components/wm8994/wm8994.o
    0x0800d69a   0x00000002   PAD
    0x0800d69c   0x0000055e   Code   RO           47    .text.wm8994_Init   BUILD/DISCO_F746NG/ARMC6/BSP_DISCO_F746NG/Drivers/BSP/Components/wm8994/wm8994.o
    0x0800dbfa   0x00000018   Code   RO           55    .text.wm8994_Pause  BUILD/DISCO_F746NG/ARMC6/BSP_DISCO_F746NG/Drivers/BSP/Components/wm8994/wm8994.o
    0x0800dc12   0x0000000c   Code   RO           53    .text.wm8994_Play   BUILD/DISCO_F746NG/ARMC6/BSP_DISCO_F746NG/Drivers/BSP/Components/wm8994/wm8994.o
    0x0800dc1e   0x00000012   Code   RO           51    .text.wm8994_ReadID  BUILD/DISCO_F746NG/ARMC6/BSP_DISCO_F746NG/Drivers/BSP/Components/wm8994/wm8994.o
    0x0800dc30   0x00000026   Code   RO           69    .text.wm8994_Reset  BUILD/DISCO_F746NG/ARMC6/BSP_DISCO_F746NG/Drivers/BSP/Components/wm8994/wm8994.o
    0x0800dc56   0x0000000c   Code   RO           57    .text.wm8994_Resume  BUILD/DISCO_F746NG/ARMC6/BSP_DISCO_F746NG/Drivers/BSP/Components/wm8994/wm8994.o
    0x0800dc62   0x0000007c   Code   RO           61    .text.wm8994_SetFrequency  BUILD/DISCO_F746NG/ARMC6/BSP_DISCO_F746NG/Drivers/BSP/Components/wm8994/wm8994.o
    0x0800dcde   0x00000038   Code   RO           65    .text.wm8994_SetMute  BUILD/DISCO_F746NG/ARMC6/BSP_DISCO_F746NG/Drivers/BSP/Components/wm8994/wm8994.o
    0x0800dd16   0x000000ac   Code   RO           67    .text.wm8994_SetOutputMode  BUILD/DISCO_F746NG/ARMC6/BSP_DISCO_F746NG/Drivers/BSP/Components/wm8994/wm8994.o
    0x0800ddc2   0x0000012c   Code   RO           63    .text.wm8994_SetVolume  BUILD/DISCO_F746NG/ARMC6/BSP_DISCO_F746NG/Drivers/BSP/Components/wm8994/wm8994.o
    0x0800deee   0x0000006c   Code   RO           59    .text.wm8994_Stop   BUILD/DISCO_F746NG/ARMC6/BSP_DISCO_F746NG/Drivers/BSP/Components/wm8994/wm8994.o
    0x0800df5a   0x00000030   Code   RO        23818    .text.write         BUILD/DISCO_F746NG/ARMC6/mbed-os/platform/source/mbed_retarget.o
    0x0800df8a   0x0000003e   Code   RO        29623    CL$$btod_d2e        c:\ProgramData\Mbed Studio\mbed-studio-tools\ac6\bin\..\lib\armlib\c_w.l(btod.o)
    0x0800dfc8   0x00000046   Code   RO        29625    CL$$btod_d2e_denorm_low  c:\ProgramData\Mbed Studio\mbed-studio-tools\ac6\bin\..\lib\armlib\c_w.l(btod.o)
    0x0800e00e   0x00000060   Code   RO        29624    CL$$btod_d2e_norm_op1  c:\ProgramData\Mbed Studio\mbed-studio-tools\ac6\bin\..\lib\armlib\c_w.l(btod.o)
    0x0800e06e   0x00000338   Code   RO        29633    CL$$btod_div_common  c:\ProgramData\Mbed Studio\mbed-studio-tools\ac6\bin\..\lib\armlib\c_w.l(btod.o)
    0x0800e3a6   0x000000dc   Code   RO        29630    CL$$btod_e2e        c:\ProgramData\Mbed Studio\mbed-studio-tools\ac6\bin\..\lib\armlib\c_w.l(btod.o)
    0x0800e482   0x0000002a   Code   RO        29627    CL$$btod_ediv       c:\ProgramData\Mbed Studio\mbed-studio-tools\ac6\bin\..\lib\armlib\c_w.l(btod.o)
    0x0800e4ac   0x0000002a   Code   RO        29626    CL$$btod_emul       c:\ProgramData\Mbed Studio\mbed-studio-tools\ac6\bin\..\lib\armlib\c_w.l(btod.o)
    0x0800e4d6   0x00000244   Code   RO        29632    CL$$btod_mult_common  c:\ProgramData\Mbed Studio\mbed-studio-tools\ac6\bin\..\lib\armlib\c_w.l(btod.o)
    0x0800e71a   0x00000030   Code   RO        29725    i.__ARM_fpclassify  c:\ProgramData\Mbed Studio\mbed-studio-tools\ac6\bin\..\lib\armlib\m_wm.l(fpclassify.o)
    0x0800e74a   0x0000000e   Code   RO        29103    i._is_digit         c:\ProgramData\Mbed Studio\mbed-studio-tools\ac6\bin\..\lib\armlib\c_w.l(__printf_wp.o)
    0x0800e758   0x0000001a   Code   RO        29150    i.fputc             c:\ProgramData\Mbed Studio\mbed-studio-tools\ac6\bin\..\lib\armlib\c_w.l(fputc.o)
    0x0800e772   0x00000002   PAD
    0x0800e774   0x0000002c   Code   RO        29475    locale$$code        c:\ProgramData\Mbed Studio\mbed-studio-tools\ac6\bin\..\lib\armlib\c_w.l(lc_ctype_c.o)
    0x0800e7a0   0x0000002c   Code   RO        29674    locale$$code        c:\ProgramData\Mbed Studio\mbed-studio-tools\ac6\bin\..\lib\armlib\c_w.l(lc_numeric_c.o)
    0x0800e7cc   0x0000001a   Code   RO        29713    x$fpl$fpinit        c:\ProgramData\Mbed Studio\mbed-studio-tools\ac6\bin\..\lib\armlib\fz_wm.l(fpinit.o)
    0x0800e7e6   0x00000004   Code   RO        29295    x$fpl$printf1       c:\ProgramData\Mbed Studio\mbed-studio-tools\ac6\bin\..\lib\armlib\fz_wm.l(printf1.o)
    0x0800e7ea   0x00000004   Code   RO        29553    x$fpl$printf2       c:\ProgramData\Mbed Studio\mbed-studio-tools\ac6\bin\..\lib\armlib\fz_wm.l(printf2.o)
    0x0800e7ee   0x00000000   Code   RO        29561    x$fpl$usenofp       c:\ProgramData\Mbed Studio\mbed-studio-tools\ac6\bin\..\lib\armlib\fz_wm.l(usenofp.o)
    0x0800e7ee   0x00000002   PAD
    0x0800e7f0   0x00000008   Data   RO        29064    .constdata          c:\ProgramData\Mbed Studio\mbed-studio-tools\ac6\bin\..\lib\armlib\c_w.l(_printf_wctomb.o)
    0x0800e7f8   0x00000028   Data   RO        29091    .constdata          c:\ProgramData\Mbed Studio\mbed-studio-tools\ac6\bin\..\lib\armlib\c_w.l(_printf_hex_int_ll_ptr.o)
    0x0800e820   0x00000011   Data   RO        29111    .constdata          c:\ProgramData\Mbed Studio\mbed-studio-tools\ac6\bin\..\lib\armlib\c_w.l(__printf_flags_ss_wp.o)
    0x0800e831   0x00000026   Data   RO        29600    .constdata          c:\ProgramData\Mbed Studio\mbed-studio-tools\ac6\bin\..\lib\armlib\c_w.l(_printf_fp_hex.o)
    0x0800e857   0x00000001   PAD
    0x0800e858   0x00000094   Data   RO        29621    .constdata          c:\ProgramData\Mbed Studio\mbed-studio-tools\ac6\bin\..\lib\armlib\c_w.l(bigflt0.o)
    0x0800e8ec   0x000000a0   Data   RO        24462    .rodata             BUILD/DISCO_F746NG/ARMC6/mbed-os/rtos/source/TARGET_CORTEX/rtx5/RTX/Source/rtx_lib.o
    0x0800e98c   0x00000010   Data   RO        28258    .rodata.AHBPrescTable  BUILD/DISCO_F746NG/ARMC6/mbed-os/targets/TARGET_STM/TARGET_STM32F7/device/system_stm32f7xx.o
    0x0800e99c   0x00000008   Data   RO        28259    .rodata.APBPrescTable  BUILD/DISCO_F746NG/ARMC6/mbed-os/targets/TARGET_STM/TARGET_STM32F7/device/system_stm32f7xx.o
    0x0800e9a4   0x000000c0   Data   RO        24912    .rodata.PinMap_UART_RX  BUILD/DISCO_F746NG/ARMC6/mbed-os/targets/TARGET_STM/TARGET_STM32F7/TARGET_STM32F746xG/TARGET_DISCO_F746NG/PeripheralPins.o
    0x0800ea64   0x000000c0   Data   RO        24911    .rodata.PinMap_UART_TX  BUILD/DISCO_F746NG/ARMC6/mbed-os/targets/TARGET_STM/TARGET_STM32F7/TARGET_STM32F746xG/TARGET_DISCO_F746NG/PeripheralPins.o
    0x0800eb24   0x00000044   Data   RO        20606    .rodata._ZTV10STM32_EMAC  BUILD/DISCO_F746NG/ARMC6/mbed-os/features/netsocket/emac-drivers/TARGET_STM/stm32xx_emac.o
    0x0800eb68   0x0000005c   Data   RO        23942    .rodata._ZTV12DirectSerial  BUILD/DISCO_F746NG/ARMC6/mbed-os/platform/source/mbed_retarget.o
    0x0800ebc4   0x00000014   Data   RO         2188    .rodata._ZTVN4mbed10TimerEventE  BUILD/DISCO_F746NG/ARMC6/mbed-os/drivers/source/TimerEvent.o
    0x0800ebd8   0x00000014   Data   RO        23486    .rodata._ZTVN4mbed8internal8SysTimerILj1000ELb1EEE  BUILD/DISCO_F746NG/ARMC6/mbed-os/platform/source/SysTimer.o
    0x0800ebec   0x00000010   Data   RO        24902    .rodata._ZTVN4rtos6ThreadE  BUILD/DISCO_F746NG/ARMC6/mbed-os/rtos/source/Thread.o
    0x0800ebfc   0x0000000c   Data   RO        20625    .rodata._ZZN4mbed8CallbackIFvvEE8generateINS2_14method_contextI10STM32_EMACMS5_FvvEEEEEvRKT_E3ops  BUILD/DISCO_F746NG/ARMC6/mbed-os/features/netsocket/emac-drivers/TARGET_STM/stm32xx_emac.o
    0x0800ec08   0x0000000c   Data   RO         2764    .rodata._ZZN4mbed8CallbackIFvvEE8generateINS2_14method_contextIN6events10EventQueueEMS6_FvvEEEEEvRKT_E3ops  BUILD/DISCO_F746NG/ARMC6/mbed-os/drivers/source/usb/USBCDC_ECM.o
    0x0800ec14   0x00000008   Data   RO        23938    .rodata.__stderr_name  BUILD/DISCO_F746NG/ARMC6/mbed-os/platform/source/mbed_retarget.o
    0x0800ec1c   0x00000007   Data   RO        23936    .rodata.__stdin_name  BUILD/DISCO_F746NG/ARMC6/mbed-os/platform/source/mbed_retarget.o
    0x0800ec23   0x00000008   Data   RO        23937    .rodata.__stdout_name  BUILD/DISCO_F746NG/ARMC6/mbed-os/platform/source/mbed_retarget.o
    0x0800ec2b   0x00000001   PAD
    0x0800ec2c   0x00000020   Data   RO        27661    .rodata.cst16       BUILD/DISCO_F746NG/ARMC6/mbed-os/targets/TARGET_STM/TARGET_STM32F7/device/stm32f7xx_hal_uart.o
    0x0800ec4c   0x00000008   Data   RO        25383    .rodata.cst8        BUILD/DISCO_F746NG/ARMC6/mbed-os/targets/TARGET_STM/TARGET_STM32F7/device/stm32f7xx_hal_dma.o
    0x0800ec54   0x00000040   Data   RO        28699    .rodata.ll_pin_defines  BUILD/DISCO_F746NG/ARMC6/mbed-os/targets/TARGET_STM/pinmap.o
    0x0800ec94   0x00000008   Data   RO        22999    .rodata.lp_data     BUILD/DISCO_F746NG/ARMC6/mbed-os/hal/mbed_lp_ticker_api.o
    0x0800ec9c   0x00000024   Data   RO        23001    .rodata.lp_interface  BUILD/DISCO_F746NG/ARMC6/mbed-os/hal/mbed_lp_ticker_api.o
    0x0800ecc0   0x00000008   Data   RO        28665    .rodata.lp_ticker_get_info.info  BUILD/DISCO_F746NG/ARMC6/mbed-os/targets/TARGET_STM/lp_ticker.o
    0x0800ecc8   0x00000004   Data   RO        23499    .rodata.mbed_fault_context  BUILD/DISCO_F746NG/ARMC6/mbed-os/platform/source/TARGET_CORTEX_M/mbed_fault_handler.o
    0x0800eccc   0x00000004   Data   RO        24464    .rodata.osRtxUserSVC  BUILD/DISCO_F746NG/ARMC6/mbed-os/rtos/source/TARGET_CORTEX/rtx5/RTX/Source/rtx_lib.o
    0x0800ecd0   0x00000024   Data   RO        24459    .rodata.os_idle_thread_attr  BUILD/DISCO_F746NG/ARMC6/mbed-os/rtos/source/TARGET_CORTEX/rtx5/RTX/Source/rtx_lib.o
    0x0800ecf4   0x00000018   Data   RO        24461    .rodata.os_timer_mq_attr  BUILD/DISCO_F746NG/ARMC6/mbed-os/rtos/source/TARGET_CORTEX/rtx5/RTX/Source/rtx_lib.o
    0x0800ed0c   0x00000024   Data   RO        24460    .rodata.os_timer_thread_attr  BUILD/DISCO_F746NG/ARMC6/mbed-os/rtos/source/TARGET_CORTEX/rtx5/RTX/Source/rtx_lib.o
    0x0800ed30   0x00000061   Data   RO          583    .rodata.str1.1      BUILD/DISCO_F746NG/ARMC6/main.o
    0x0800ed91   0x00000045   Data   RO         1968    .rodata.str1.1      BUILD/DISCO_F746NG/ARMC6/mbed-os/drivers/source/SPI.o
    0x0800edd6   0x00000023   Data   RO         2742    .rodata.str1.1      BUILD/DISCO_F746NG/ARMC6/mbed-os/drivers/source/usb/USBCDC_ECM.o
    0x0800edf9   0x0000003e   Data   RO         3468    .rodata.str1.1      BUILD/DISCO_F746NG/ARMC6/mbed-os/events/source/mbed_shared_queues.o
    0x0800ee37   0x0000001e   Data   RO        20611    .rodata.str1.1      BUILD/DISCO_F746NG/ARMC6/mbed-os/features/netsocket/emac-drivers/TARGET_STM/stm32xx_emac.o
    0x0800ee55   0x0000004e   Data   RO        23340    .rodata.str1.1      BUILD/DISCO_F746NG/ARMC6/mbed-os/platform/source/SysTimer.o
    0x0800eea3   0x000000c8   Data   RO        23500    .rodata.str1.1      BUILD/DISCO_F746NG/ARMC6/mbed-os/platform/source/TARGET_CORTEX_M/mbed_fault_handler.o
    0x0800ef6b   0x0000015a   Data   RO        23683    .rodata.str1.1      BUILD/DISCO_F746NG/ARMC6/mbed-os/platform/source/mbed_error.o
    0x0800f0c5   0x00000063   Data   RO        23944    .rodata.str1.1      BUILD/DISCO_F746NG/ARMC6/mbed-os/platform/source/mbed_retarget.o
    0x0800f128   0x00000012   Data   RO        24123    .rodata.str1.1      BUILD/DISCO_F746NG/ARMC6/mbed-os/rtos/source/Mutex.o
    0x0800f13a   0x00000138   Data   RO        24240    .rodata.str1.1      BUILD/DISCO_F746NG/ARMC6/mbed-os/rtos/source/TARGET_CORTEX/mbed_rtx_handlers.o
    0x0800f272   0x00000036   Data   RO        24269    .rodata.str1.1      BUILD/DISCO_F746NG/ARMC6/mbed-os/rtos/source/TARGET_CORTEX/mbed_rtx_idle.o
    0x0800f2a8   0x00000013   Data   RO        24465    .rodata.str1.1      BUILD/DISCO_F746NG/ARMC6/mbed-os/rtos/source/TARGET_CORTEX/rtx5/RTX/Source/rtx_lib.o
    0x0800f2bb   0x0000001b   Data   RO        24901    .rodata.str1.1      BUILD/DISCO_F746NG/ARMC6/mbed-os/rtos/source/Thread.o
    0x0800f2d6   0x00000039   Data   RO        28700    .rodata.str1.1      BUILD/DISCO_F746NG/ARMC6/mbed-os/targets/TARGET_STM/pinmap.o
    0x0800f30f   0x0000002a   Data   RO        28829    .rodata.str1.1      BUILD/DISCO_F746NG/ARMC6/mbed-os/targets/TARGET_STM/serial_api.o
    0x0800f339   0x00000003   PAD
    0x0800f33c   0x0000000b   Data   RO        24452    .rodata.str1.4      BUILD/DISCO_F746NG/ARMC6/mbed-os/rtos/source/TARGET_CORTEX/rtx5/RTX/Source/rtx_kernel.o
    0x0800f347   0x00000001   PAD
    0x0800f348   0x00000008   Data   RO        23081    .rodata.us_data     BUILD/DISCO_F746NG/ARMC6/mbed-os/hal/mbed_us_ticker_api.o
    0x0800f350   0x00000024   Data   RO        23083    .rodata.us_interface  BUILD/DISCO_F746NG/ARMC6/mbed-os/hal/mbed_us_ticker_api.o
    0x0800f374   0x00000008   Data   RO        28927    .rodata.us_ticker_get_info.info  BUILD/DISCO_F746NG/ARMC6/mbed-os/targets/TARGET_STM/us_ticker.o
    0x0800f37c   0x00000020   Data   RO        29846    Region$$Table       anon$$obj.o
    0x0800f39c   0x00000110   Data   RO        29474    locale$$data        c:\ProgramData\Mbed Studio\mbed-studio-tools\ac6\bin\..\lib\armlib\c_w.l(lc_ctype_c.o)
    0x0800f4ac   0x0000001c   Data   RO        29673    locale$$data        c:\ProgramData\Mbed Studio\mbed-studio-tools\ac6\bin\..\lib\armlib\c_w.l(lc_numeric_c.o)
    0x0800f4c8   0x00000004   Data   RO         1109    .init_array         BUILD/DISCO_F746NG/ARMC6/mbed-os/components/storage/blockdevice/COMPONENT_QSPIF/QSPIFBlockDevice.o
    0x0800f4cc   0x00000000   Data   RO        29254    .init_array         c:\ProgramData\Mbed Studio\mbed-studio-tools\ac6\bin\..\lib\armlib\c_w.l(init_aeabi.o)


    Execution Region RW_m_crash_data (Base: 0x200001c8, Size: 0x00000100, Max: 0x00000100, ABSOLUTE)

    Base Addr    Size         Type   Attr      Idx    E Section Name        Object

    0x200001c8   0x00000100   Zero   RW            1    RW_m_crash_data.bss  anon$$obj.o


    Execution Region RW_IRAM1 (Base: 0x20010000, Size: 0x00006548, Max: 0x0003fc00, ABSOLUTE, COMPRESSED[0x0000005c])

    Base Addr    Size         Type   Attr      Idx    E Section Name        Object

    0x20010000   0x00000004   Data   RW        29172    .data               c:\ProgramData\Mbed Studio\mbed-studio-tools\ac6\bin\..\lib\armlib\c_w.l(stdio_streams.o)
    0x20010004   0x00000004   Data   RW        29173    .data               c:\ProgramData\Mbed Studio\mbed-studio-tools\ac6\bin\..\lib\armlib\c_w.l(stdio_streams.o)
    0x20010008   0x00000004   Data   RW        29174    .data               c:\ProgramData\Mbed Studio\mbed-studio-tools\ac6\bin\..\lib\armlib\c_w.l(stdio_streams.o)
    0x2001000c   0x00000004   Data   RW        29463    .data               c:\ProgramData\Mbed Studio\mbed-studio-tools\ac6\bin\..\lib\armlib\c_w.l(streamlock.o)
    0x20010010   0x00000004   Data   RW        28257    .data.SystemCoreClock  BUILD/DISCO_F746NG/ARMC6/mbed-os/targets/TARGET_STM/TARGET_STM32F7/device/system_stm32f7xx.o
    0x20010014   0x00000040   Data   RW        23949    .data._ZL11filehandles  BUILD/DISCO_F746NG/ARMC6/mbed-os/platform/source/mbed_retarget.o
    0x20010054   0x00000004   Data   RW        24270    .data._ZL14idle_hook_fptr  BUILD/DISCO_F746NG/ARMC6/mbed-os/rtos/source/TARGET_CORTEX/mbed_rtx_idle.o
    0x20010058   0x00000004   Data   RW        23000    .data.irq_handler   BUILD/DISCO_F746NG/ARMC6/mbed-os/hal/mbed_lp_ticker_api.o
    0x2001005c   0x00000004   Data   RW        23082    .data.irq_handler   BUILD/DISCO_F746NG/ARMC6/mbed-os/hal/mbed_us_ticker_api.o
    0x20010060   0x000000a4   Data   RW        24453    .data.os            BUILD/DISCO_F746NG/ARMC6/mbed-os/rtos/source/TARGET_CORTEX/rtx5/RTX/Source/rtx_kernel.o
    0x20010104   0x00000001   Data   RW        25020    .data.uwTickFreq    BUILD/DISCO_F746NG/ARMC6/mbed-os/targets/TARGET_STM/TARGET_STM32F7/device/stm32f7xx_hal.o
    0x20010105   0x00000003   PAD
    0x20010108   0x00000030   Data   RW           71    .data.wm8994_drv    BUILD/DISCO_F746NG/ARMC6/BSP_DISCO_F746NG/Drivers/BSP/Components/wm8994/wm8994.o
    0x20010138   0x00000054   Zero   RW        29169    .bss                c:\ProgramData\Mbed Studio\mbed-studio-tools\ac6\bin\..\lib\armlib\c_w.l(stdio_streams.o)
    0x2001018c   0x00000054   Zero   RW        29170    .bss                c:\ProgramData\Mbed Studio\mbed-studio-tools\ac6\bin\..\lib\armlib\c_w.l(stdio_streams.o)
    0x200101e0   0x00000054   Zero   RW        29171    .bss                c:\ProgramData\Mbed Studio\mbed-studio-tools\ac6\bin\..\lib\armlib\c_w.l(stdio_streams.o)
    0x20010234   0x00000060   Zero   RW        29357    .bss                c:\ProgramData\Mbed Studio\mbed-studio-tools\ac6\bin\..\lib\armlib\c_w.l(libspace.o)
    0x20010294   0x00000060   Zero   RW          239    .bss.BSP_AUDIO_IN_MspInit.hdma_sai_rx  BUILD/DISCO_F746NG/ARMC6/BSP_DISCO_F746NG/Drivers/BSP/STM32746G-Discovery/stm32746g_discovery_audio.o
    0x200102f4   0x00000060   Zero   RW          238    .bss.BSP_AUDIO_OUT_MspInit.hdma_sai_tx  BUILD/DISCO_F746NG/ARMC6/BSP_DISCO_F746NG/Drivers/BSP/STM32746G-Discovery/stm32746g_discovery_audio.o
    0x20010354   0x00000001   Zero   RW          526    .bss.BSP_SDRAM_Init.sdramstatus  BUILD/DISCO_F746NG/ARMC6/BSP_DISCO_F746NG/Drivers/BSP/STM32746G-Discovery/stm32746g_discovery_sdram.o
    0x20010355   0x00000003   PAD
    0x20010358   0x00000060   Zero   RW          531    .bss.BSP_SDRAM_MspInit.dma_handle  BUILD/DISCO_F746NG/ARMC6/BSP_DISCO_F746NG/Drivers/BSP/STM32746G-Discovery/stm32746g_discovery_sdram.o
    0x200103b8   0x00000001   Zero   RW           74    .bss.ColdStartup    BUILD/DISCO_F746NG/ARMC6/BSP_DISCO_F746NG/Drivers/BSP/Components/wm8994/wm8994.o
    0x200103b9   0x00000003   PAD
    0x200103bc   0x00000010   Zero   RW          530    .bss.Command        BUILD/DISCO_F746NG/ARMC6/BSP_DISCO_F746NG/Drivers/BSP/STM32746G-Discovery/stm32746g_discovery_sdram.o
    0x200103cc   0x00000080   Zero   RW        20602    .bss.DMARxDscrTab   BUILD/DISCO_F746NG/ARMC6/mbed-os/features/netsocket/emac-drivers/TARGET_STM/stm32xx_emac.o
    0x2001044c   0x00000080   Zero   RW        20603    .bss.DMATxDscrTab   BUILD/DISCO_F746NG/ARMC6/mbed-os/features/netsocket/emac-drivers/TARGET_STM/stm32xx_emac.o
    0x200104cc   0x00000001   Zero   RW        28673    .bss.LPTICKER_inited  BUILD/DISCO_F746NG/ARMC6/mbed-os/targets/TARGET_STM/lp_ticker.o
    0x200104cd   0x00000003   PAD
    0x200104d0   0x00000030   Zero   RW        28674    .bss.LptimHandle    BUILD/DISCO_F746NG/ARMC6/mbed-os/targets/TARGET_STM/lp_ticker.o
    0x20010500   0x000017d0   Zero   RW        20604    .bss.Rx_Buff        BUILD/DISCO_F746NG/ARMC6/mbed-os/features/netsocket/emac-drivers/TARGET_STM/stm32xx_emac.o
    0x20011cd0   0x00000040   Zero   RW        28928    .bss.TimMasterHandle  BUILD/DISCO_F746NG/ARMC6/mbed-os/targets/TARGET_STM/us_ticker.o
    0x20011d10   0x0000001c   Zero   RW          528    .bss.Timing         BUILD/DISCO_F746NG/ARMC6/BSP_DISCO_F746NG/Drivers/BSP/STM32746G-Discovery/stm32746g_discovery_sdram.o
    0x20011d2c   0x000017d0   Zero   RW        20605    .bss.Tx_Buff        BUILD/DISCO_F746NG/ARMC6/mbed-os/features/netsocket/emac-drivers/TARGET_STM/stm32xx_emac.o
    0x200134fc   0x00000004   Zero   RW        23951    .bss._ZGVZL15default_consolevE7console  BUILD/DISCO_F746NG/ARMC6/mbed-os/platform/source/mbed_retarget.o
    0x20013500   0x00000004   Zero   RW        20610    .bss._ZGVZN10STM32_EMAC12get_instanceEvE4emac  BUILD/DISCO_F746NG/ARMC6/mbed-os/features/netsocket/emac-drivers/TARGET_STM/stm32xx_emac.o
    0x20013504   0x00000004   Zero   RW        20608    .bss._ZGVZN10STM32_EMAC15thread_functionEPvE10stm32_enet  BUILD/DISCO_F746NG/ARMC6/mbed-os/features/netsocket/emac-drivers/TARGET_STM/stm32xx_emac.o
    0x20013508   0x00000004   Zero   RW         3476    .bss._ZGVZN4mbed33do_shared_event_queue_with_threadIL12osPriority_t24ELj768ELj2048EEEPN6events10EventQueueEPKcE5queue  BUILD/DISCO_F746NG/ARMC6/mbed-os/events/source/mbed_shared_queues.o
    0x2001350c   0x00000004   Zero   RW         3479    .bss._ZGVZN4mbed33do_shared_event_queue_with_threadIL12osPriority_t24ELj768ELj2048EEEPN6events10EventQueueEPKcE6thread  BUILD/DISCO_F746NG/ARMC6/mbed-os/events/source/mbed_shared_queues.o
    0x20013510   0x00000028   Zero   RW        23941    .bss._ZL16filehandle_mutex  BUILD/DISCO_F746NG/ARMC6/mbed-os/platform/source/mbed_retarget.o
    0x20013538   0x00000004   Zero   RW         1106    .bss._ZN16QSPIFBlockDevice28_active_qspif_flash_csel_arrE  BUILD/DISCO_F746NG/ARMC6/mbed-os/components/storage/blockdevice/COMPONENT_QSPIF/QSPIFBlockDevice.o
    0x2001353c   0x00000004   Zero   RW        23238    .bss._ZN4mbed8FileBase5_headE  BUILD/DISCO_F746NG/ARMC6/mbed-os/platform/source/FileBase.o
    0x20013540   0x00000028   Zero   RW        23239    .bss._ZN4mbed8FileBase6_mutexE  BUILD/DISCO_F746NG/ARMC6/mbed-os/platform/source/FileBase.o
    0x20013568   0x00000004   Zero   RW        23240    .bss._ZN4mbed8FileBase8_defaultE  BUILD/DISCO_F746NG/ARMC6/mbed-os/platform/source/FileBase.o
    0x2001356c   0x00000004   PAD
    0x20013570   0x00000038   Zero   RW        23746    .bss._ZN4mbed8internal12_GLOBAL__N_113os_timer_dataE  BUILD/DISCO_F746NG/ARMC6/mbed-os/platform/source/mbed_os_timer.o
    0x200135a8   0x00000004   Zero   RW        23745    .bss._ZN4mbed8internal8os_timerE  BUILD/DISCO_F746NG/ARMC6/mbed-os/platform/source/mbed_os_timer.o
    0x200135ac   0x00000004   Zero   RW        23950    .bss._ZZL15default_consolevE7console  BUILD/DISCO_F746NG/ARMC6/mbed-os/platform/source/mbed_retarget.o
    0x200135b0   0x00000108   Zero   RW        20609    .bss._ZZN10STM32_EMAC12get_instanceEvE4emac  BUILD/DISCO_F746NG/ARMC6/mbed-os/features/netsocket/emac-drivers/TARGET_STM/stm32xx_emac.o
    0x200136b8   0x00000004   Zero   RW        20607    .bss._ZZN10STM32_EMAC15thread_functionEPvE10stm32_enet  BUILD/DISCO_F746NG/ARMC6/mbed-os/features/netsocket/emac-drivers/TARGET_STM/stm32xx_emac.o
    0x200136bc   0x00000004   PAD
    0x200136c0   0x00000300   Zero   RW         3474    .bss._ZZN4mbed33do_shared_event_queue_with_threadIL12osPriority_t24ELj768ELj2048EEEPN6events10EventQueueEPKcE12queue_buffer  BUILD/DISCO_F746NG/ARMC6/mbed-os/events/source/mbed_shared_queues.o
    0x200139c0   0x0000005c   Zero   RW         3475    .bss._ZZN4mbed33do_shared_event_queue_with_threadIL12osPriority_t24ELj768ELj2048EEEPN6events10EventQueueEPKcE5queue  BUILD/DISCO_F746NG/ARMC6/mbed-os/events/source/mbed_shared_queues.o
    0x20013a1c   0x00000004   PAD
    0x20013a20   0x00000800   Zero   RW         3477    .bss._ZZN4mbed33do_shared_event_queue_with_threadIL12osPriority_t24ELj768ELj2048EEEPN6events10EventQueueEPKcE5stack  BUILD/DISCO_F746NG/ARMC6/mbed-os/events/source/mbed_shared_queues.o
    0x20014220   0x000000c0   Zero   RW         3478    .bss._ZZN4mbed33do_shared_event_queue_with_threadIL12osPriority_t24ELj768ELj2048EEEPN6events10EventQueueEPKcE6thread  BUILD/DISCO_F746NG/ARMC6/mbed-os/events/source/mbed_shared_queues.o
    0x200142e0   0x00000004   Zero   RW        24097    .bss._ZZN4rtos6Kernel12get_ms_countEvE6tick_h  BUILD/DISCO_F746NG/ARMC6/mbed-os/rtos/source/Kernel.o
    0x200142e4   0x00000004   Zero   RW        24098    .bss._ZZN4rtos6Kernel12get_ms_countEvE6tick_l  BUILD/DISCO_F746NG/ARMC6/mbed-os/rtos/source/Kernel.o
    0x200142e8   0x00001000   Zero   RW        24203    .bss._main_stack    BUILD/DISCO_F746NG/ARMC6/mbed-os/rtos/source/TARGET_CORTEX/mbed_rtos_rtx.o
    0x200152e8   0x00000024   Zero   RW        24204    .bss._main_thread_attr  BUILD/DISCO_F746NG/ARMC6/mbed-os/rtos/source/TARGET_CORTEX/mbed_rtos_rtx.o
    0x2001530c   0x00000020   Zero   RW        24178    .bss._static_mutexes  BUILD/DISCO_F746NG/ARMC6/mbed-os/rtos/source/TARGET_CORTEX/TOOLCHAIN_ARM_STD/mbed_boot_arm_std.o
    0x2001532c   0x000000e0   Zero   RW        24179    .bss._static_mutexes_mem  BUILD/DISCO_F746NG/ARMC6/mbed-os/rtos/source/TARGET_CORTEX/TOOLCHAIN_ARM_STD/mbed_boot_arm_std.o
    0x2001540c   0x00000004   Zero   RW          237    .bss.audio_drv      BUILD/DISCO_F746NG/ARMC6/BSP_DISCO_F746NG/Drivers/BSP/STM32746G-Discovery/stm32746g_discovery_audio.o
    0x20015410   0x00000004   Zero   RW          582    .bss.audio_rec_buffer_state  BUILD/DISCO_F746NG/ARMC6/main.o
    0x20015414   0x00000008   Zero   RW        28505    .bss.can_irq_ids    BUILD/DISCO_F746NG/ARMC6/mbed-os/targets/TARGET_STM/can_api.o
    0x2001541c   0x00000001   Zero   RW        22966    .bss.critical_interrupts_enabled  BUILD/DISCO_F746NG/ARMC6/mbed-os/hal/mbed_critical_section_api.o
    0x2001541d   0x00000003   PAD
    0x20015420   0x00000004   Zero   RW        23634    .bss.critical_section_reentrancy_counter  BUILD/DISCO_F746NG/ARMC6/mbed-os/platform/source/mbed_critical.o
    0x20015424   0x00000002   Zero   RW        23773    .bss.deep_sleep_lock  BUILD/DISCO_F746NG/ARMC6/mbed-os/platform/source/mbed_power_mgmt.o
    0x20015426   0x00000002   PAD
    0x20015428   0x00000004   Zero   RW        23680    .bss.error_count    BUILD/DISCO_F746NG/ARMC6/mbed-os/platform/source/mbed_error.o
    0x2001542c   0x00000004   Zero   RW        23681    .bss.error_hook     BUILD/DISCO_F746NG/ARMC6/mbed-os/platform/source/mbed_error.o
    0x20015430   0x00000001   Zero   RW        23677    .bss.error_in_progress  BUILD/DISCO_F746NG/ARMC6/mbed-os/platform/source/mbed_error.o
    0x20015431   0x00000007   PAD
    0x20015438   0x00000040   Zero   RW        23002    .bss.events         BUILD/DISCO_F746NG/ARMC6/mbed-os/hal/mbed_lp_ticker_api.o
    0x20015478   0x00000040   Zero   RW        23084    .bss.events         BUILD/DISCO_F746NG/ARMC6/mbed-os/hal/mbed_us_ticker_api.o
    0x200154b8   0x00000054   Zero   RW        23498    .bss.fault_context  BUILD/DISCO_F746NG/ARMC6/mbed-os/platform/source/TARGET_CORTEX_M/mbed_fault_handler.o
    0x2001550c   0x00000034   Zero   RW        23679    .bss.first_error_ctx  BUILD/DISCO_F746NG/ARMC6/mbed-os/platform/source/mbed_error.o
    0x20015540   0x00000001   Zero   RW        28668    .bss.future_event_flag  BUILD/DISCO_F746NG/ARMC6/mbed-os/targets/TARGET_STM/lp_ticker.o
    0x20015541   0x00000003   PAD
    0x20015544   0x0000004c   Zero   RW          150    .bss.hI2cAudioHandler  BUILD/DISCO_F746NG/ARMC6/BSP_DISCO_F746NG/Drivers/BSP/STM32746G-Discovery/stm32746g_discovery.o
    0x20015590   0x00000001   Zero   RW        23682    .bss.halt_in_progress  BUILD/DISCO_F746NG/ARMC6/mbed-os/platform/source/mbed_error.o
    0x20015591   0x00000003   PAD
    0x20015594   0x00000084   Zero   RW          235    .bss.haudio_in_sai  BUILD/DISCO_F746NG/ARMC6/BSP_DISCO_F746NG/Drivers/BSP/STM32746G-Discovery/stm32746g_discovery_audio.o
    0x20015618   0x00000084   Zero   RW          234    .bss.haudio_out_sai  BUILD/DISCO_F746NG/ARMC6/BSP_DISCO_F746NG/Drivers/BSP/STM32746G-Discovery/stm32746g_discovery_audio.o
    0x2001569c   0x00000001   Zero   RW           73    .bss.inputEnabled   BUILD/DISCO_F746NG/ARMC6/BSP_DISCO_F746NG/Drivers/BSP/Components/wm8994/wm8994.o
    0x2001569d   0x00000003   PAD
    0x200156a0   0x00000004   Zero   RW        28504    .bss.irq_handler    BUILD/DISCO_F746NG/ARMC6/mbed-os/targets/TARGET_STM/can_api.o
    0x200156a4   0x00000034   Zero   RW        23678    .bss.last_error_ctx  BUILD/DISCO_F746NG/ARMC6/mbed-os/platform/source/mbed_error.o
    0x200156d8   0x00000001   Zero   RW        28666    .bss.lp_Fired       BUILD/DISCO_F746NG/ARMC6/mbed-os/targets/TARGET_STM/lp_ticker.o
    0x200156d9   0x00000001   Zero   RW        28670    .bss.lp_cmpok       BUILD/DISCO_F746NG/ARMC6/mbed-os/targets/TARGET_STM/lp_ticker.o
    0x200156da   0x00000002   PAD
    0x200156dc   0x00000004   Zero   RW        28671    .bss.lp_delayed_counter  BUILD/DISCO_F746NG/ARMC6/mbed-os/targets/TARGET_STM/lp_ticker.o
    0x200156e0   0x00000001   Zero   RW        28667    .bss.lp_delayed_prog  BUILD/DISCO_F746NG/ARMC6/mbed-os/targets/TARGET_STM/lp_ticker.o
    0x200156e1   0x00000003   PAD
    0x200156e4   0x00000004   Zero   RW        23940    .bss.mbed_heap_size  BUILD/DISCO_F746NG/ARMC6/mbed-os/platform/source/mbed_retarget.o
    0x200156e8   0x00000004   Zero   RW        23939    .bss.mbed_heap_start  BUILD/DISCO_F746NG/ARMC6/mbed-os/platform/source/mbed_retarget.o
    0x200156ec   0x00000004   Zero   RW        28692    .bss.mbed_sdk_inited  BUILD/DISCO_F746NG/ARMC6/mbed-os/targets/TARGET_STM/mbed_overrides.o
    0x200156f0   0x00000004   Zero   RW        24194    .bss.mbed_stack_isr_size  BUILD/DISCO_F746NG/ARMC6/mbed-os/rtos/source/TARGET_CORTEX/mbed_boot.o
    0x200156f4   0x00000004   Zero   RW        24193    .bss.mbed_stack_isr_start  BUILD/DISCO_F746NG/ARMC6/mbed-os/rtos/source/TARGET_CORTEX/mbed_boot.o
    0x200156f8   0x00000040   Zero   RW        24458    .bss.os             BUILD/DISCO_F746NG/ARMC6/mbed-os/rtos/source/TARGET_CORTEX/rtx5/RTX/Source/rtx_lib.o
    0x20015738   0x000001f0   Zero   RW        24177    .bss.os.libspace    BUILD/DISCO_F746NG/ARMC6/mbed-os/rtos/source/TARGET_CORTEX/TOOLCHAIN_ARM_STD/mbed_boot_arm_std.o
    0x20015928   0x00000034   Zero   RW        24468    .bss.os.msgqueue.cb  BUILD/DISCO_F746NG/ARMC6/mbed-os/rtos/source/TARGET_CORTEX/rtx5/RTX/Source/rtx_lib.o
    0x2001595c   0x00000050   Zero   RW        24469    .bss.os.msgqueue.mem  BUILD/DISCO_F746NG/ARMC6/mbed-os/rtos/source/TARGET_CORTEX/rtx5/RTX/Source/rtx_lib.o
    0x200159ac   0x00000044   Zero   RW        24205    .bss.os.thread.cb   BUILD/DISCO_F746NG/ARMC6/mbed-os/rtos/source/TARGET_CORTEX/mbed_rtos_rtx.o
    0x200159f0   0x00000088   Zero   RW        24466    .bss.os.thread.cb   BUILD/DISCO_F746NG/ARMC6/mbed-os/rtos/source/TARGET_CORTEX/rtx5/RTX/Source/rtx_lib.o
    0x20015a78   0x00000600   Zero   RW        24467    .bss.os.thread.stack  BUILD/DISCO_F746NG/ARMC6/mbed-os/rtos/source/TARGET_CORTEX/rtx5/RTX/Source/rtx_lib.o
    0x20016078   0x00000001   Zero   RW        24180    .bss.os_kernel_is_active.os_kernel_active  BUILD/DISCO_F746NG/ARMC6/mbed-os/rtos/source/TARGET_CORTEX/TOOLCHAIN_ARM_STD/mbed_boot_arm_std.o
    0x20016079   0x00000003   PAD
    0x2001607c   0x00000001   Zero   RW           72    .bss.outputEnabled  BUILD/DISCO_F746NG/ARMC6/BSP_DISCO_F746NG/Drivers/BSP/Components/wm8994/wm8994.o
    0x2001607d   0x00000001   Zero   RW        28669    .bss.roll_over_flag  BUILD/DISCO_F746NG/ARMC6/mbed-os/targets/TARGET_STM/lp_ticker.o
    0x2001607e   0x00000002   PAD
    0x20016080   0x00000034   Zero   RW          527    .bss.sdramHandle    BUILD/DISCO_F746NG/ARMC6/BSP_DISCO_F746NG/Drivers/BSP/STM32746G-Discovery/stm32746g_discovery_sdram.o
    0x200160b4   0x00000010   Zero   RW        24201    .bss.singleton_mutex_attr  BUILD/DISCO_F746NG/ARMC6/mbed-os/rtos/source/TARGET_CORTEX/mbed_rtos_rtx.o
    0x200160c4   0x00000004   Zero   RW        24206    .bss.singleton_mutex_id  BUILD/DISCO_F746NG/ARMC6/mbed-os/rtos/source/TARGET_CORTEX/mbed_rtos_rtx.o
    0x200160c8   0x0000001c   Zero   RW        24202    .bss.singleton_mutex_obj  BUILD/DISCO_F746NG/ARMC6/mbed-os/rtos/source/TARGET_CORTEX/mbed_rtos_rtx.o
    0x200160e4   0x00000001   Zero   RW        28672    .bss.sleep_manager_locked  BUILD/DISCO_F746NG/ARMC6/mbed-os/targets/TARGET_STM/lp_ticker.o
    0x200160e5   0x00000001   Zero   RW        22965    .bss.state_saved    BUILD/DISCO_F746NG/ARMC6/mbed-os/hal/mbed_critical_section_api.o
    0x200160e6   0x00000002   PAD
    0x200160e8   0x0000004c   Zero   RW        28830    .bss.stdio_uart     BUILD/DISCO_F746NG/ARMC6/mbed-os/targets/TARGET_STM/serial_api.o
    0x20016134   0x00000004   Zero   RW        28828    .bss.stdio_uart_inited  BUILD/DISCO_F746NG/ARMC6/mbed-os/targets/TARGET_STM/serial_api.o
    0x20016138   0x00000004   Zero   RW        24239    .bss.terminate_hook  BUILD/DISCO_F746NG/ARMC6/mbed-os/rtos/source/TARGET_CORTEX/mbed_rtx_handlers.o
    0x2001613c   0x00000004   Zero   RW        28930    .bss.timer_ccr1_reg  BUILD/DISCO_F746NG/ARMC6/mbed-os/targets/TARGET_STM/us_ticker.o
    0x20016140   0x00000004   Zero   RW        28929    .bss.timer_cnt_reg  BUILD/DISCO_F746NG/ARMC6/mbed-os/targets/TARGET_STM/us_ticker.o
    0x20016144   0x00000004   Zero   RW        28931    .bss.timer_dier_reg  BUILD/DISCO_F746NG/ARMC6/mbed-os/targets/TARGET_STM/us_ticker.o
    0x20016148   0x00000400   Zero   RW        28338    .bss.uart_handlers  BUILD/DISCO_F746NG/ARMC6/mbed-os/targets/TARGET_STM/TARGET_STM32F7/serial_device.o


    Execution Region ARM_LIB_STACK (Base: 0x2004fc00, Size: 0x00000400, Max: 0x00000400, ABSOLUTE)

    Base Addr    Size         Type   Attr      Idx    E Section Name        Object

    0x2004fc00   0x00000400   Zero   RW            2    ARM_LIB_STACK.bss   anon$$obj.o


==============================================================================

Image component sizes


      Code (inc. data)   RO Data    RW Data    ZI Data      Debug   

     48090       2488       3196        296      26548      46336   Object Totals
         0          0         32          0       1280          0   (incl. Generated)
       110          0          5          3         54          0   (incl. Padding)
     10830        518        552         16        348       8196   Library Totals
        22          0          1          0          0          0   (incl. Padding)

==============================================================================


      Code (inc. data)   RO Data    RW Data    ZI Data      Debug   

     58920       3006       3748        312      26896      47948   Grand Totals
     58920       3006       3748         92      26896      47948   ELF Image Totals (compressed)
     58920       3006       3748         92          0          0   ROM Totals

==============================================================================

    Total RO  Size (Code + RO Data)                62668 (  61.20kB)
    Total RW  Size (RW Data + ZI Data)             27208 (  26.57kB)
    Total ROM Size (Code + RO Data + RW Data)      62760 (  61.29kB)

==============================================================================

